<html>
<body>
<pre>
<h1>�Vision Build Log</h1>
<h2>Tool Versions:</h2>
IDE-Version: ��Vision V5.25.2.0
Copyright (C) 2018 ARM Ltd and ARM Germany GmbH. All rights reserved.
License Information: 1 1, 1, LIC=X96CK-ZMU27-EV31R-K29HW-11VVT-WFP3L
 
Tool Versions:
Toolchain:       MDK-ARM Plus  Version: 5.25.2.0
Toolchain Path:  C:\Keil_v5\ARM\ARMCC\Bin
C Compiler:      Armcc.exe V5.06 update 6 (build 750)
Assembler:       Armasm.exe V5.06 update 6 (build 750)
Linker/Locator:  ArmLink.exe V5.06 update 6 (build 750)
Library Manager: ArmAr.exe V5.06 update 6 (build 750)
Hex Converter:   FromElf.exe V5.06 update 6 (build 750)
CPU DLL:         SARMCM3.DLL V5.25.2.0
Dialog DLL:      DCM.DLL V1.17.1.0
Target DLL:      CMSIS_AGDI.dll V1.29.10.0
Dialog DLL:      TCM.DLL V1.35.1.0
 
<h2>Project:</h2>
C:\Users\ZHAN\Documents\FreeRTOS\01_CRTP_UnitTest\01_CRTP_UnitTest.uvprojx
Project File Date:  07/31/2023

<h2>Output:</h2>
*** Using Compiler 'V5.06 update 6 (build 750)', folder: 'C:\Keil_v5\ARM\ARMCC\Bin'
Rebuild target '01_CRTP_UnitTest'
assembling startup_stm32f10x_hd.s...
compiling stm32f10x_exti.c...
compiling system_stm32f10x.c...
compiling stm32f10x_gpio.c...
compiling stm32f10x_it.c...
compiling misc.c...
compiling main.c...
src/main.c(90): warning:  #177-D: variable "xReturn"  was declared but never referenced
      BaseType_t xReturn = pdPASS; /* 定义一个创建信息返回值，默认为pdPASS */
src/main.c(190): warning:  #223-D: function "UsartlinkInit" declared implicitly
      UsartlinkInit();
src/main.c(41): warning:  #177-D: variable "Task1_Handle"  was declared but never referenced
  static TaskHandle_t Task1_Handle = NULL;
src/main.c(43): warning:  #177-D: variable "Task2_Handle"  was declared but never referenced
  static TaskHandle_t Task2_Handle = NULL;
src/main.c(45): warning:  #177-D: variable "Task3_Handle"  was declared but never referenced
  static TaskHandle_t Task3_Handle = NULL;
src/main.c(119): warning:  #177-D: function "AppTaskCreate"  was declared but never referenced
  static void AppTaskCreate(void)
src/main.c(136): warning:  #177-D: function "Task1"  was declared but never referenced
  static void Task1(void *parameter)
src/main.c(152): warning:  #177-D: function "Task2"  was declared but never referenced
  static void Task2(void *parameter)
src/main.c(168): warning:  #177-D: function "Task3"  was declared but never referenced
  static void Task3(void *parameter)
src/main.c: 9 warnings, 0 errors
compiling list.c...
compiling stm32f10x_usart.c...
compiling stm32f10x_rcc.c...
compiling queue.c...
compiling tasks.c...
compiling bsp_led.c...
compiling bsp_key.c...
compiling bsp_usart.c...
compiling port.c...
compiling heap_4.c...
compiling bsp_exti.c...
compiling usartlink.c...
linking...
Program Size: Code=9552 RO-data=412 RW-data=180 ZI-data=18148  
".\build\Keil\01_CRTP_UnitTest.axf" - 0 Error(s), 9 Warning(s).

<h2>Software Packages used:</h2>

Package Vendor: Keil
                https://www.keil.com/pack/Keil.STM32F1xx_DFP.2.4.1.pack
                Keil.STM32F1xx_DFP.2.4.1
                STMicroelectronics STM32F1 Series Device Support, Drivers and Examples

<h2>Collection of Component include folders:</h2>
  .\RTE\_01_CRTP_UnitTest
  D:\Keil_v5\ARM\PACK\Keil\STM32F1xx_DFP\2.4.1\Device\Include

<h2>Collection of Component Files used:</h2>
Build Time Elapsed:  00:00:02
</pre>
</body>
</html>
