Component: ARM Compiler 5.06 update 6 (build 750) Tool: armlink [4d35ed]

==============================================================================

Section Cross References

    bsp_exti.o(i.EXTI_Key_Config) refers to stm32f10x_rcc.o(i.RCC_APB2PeriphClockCmd) for RCC_APB2PeriphClockCmd
    bsp_exti.o(i.EXTI_Key_Config) refers to misc.o(i.NVIC_PriorityGroupConfig) for NVIC_PriorityGroupConfig
    bsp_exti.o(i.EXTI_Key_Config) refers to misc.o(i.NVIC_Init) for NVIC_Init
    bsp_exti.o(i.EXTI_Key_Config) refers to stm32f10x_gpio.o(i.GPIO_Init) for GPIO_Init
    bsp_exti.o(i.EXTI_Key_Config) refers to stm32f10x_gpio.o(i.GPIO_EXTILineConfig) for GPIO_EXTILineConfig
    bsp_exti.o(i.EXTI_Key_Config) refers to stm32f10x_exti.o(i.EXTI_Init) for EXTI_Init
    bsp_key.o(i.Key_GPIO_Config) refers to stm32f10x_rcc.o(i.RCC_APB2PeriphClockCmd) for RCC_APB2PeriphClockCmd
    bsp_key.o(i.Key_GPIO_Config) refers to stm32f10x_gpio.o(i.GPIO_Init) for GPIO_Init
    bsp_key.o(i.Key_Scan) refers to stm32f10x_gpio.o(i.GPIO_ReadInputDataBit) for GPIO_ReadInputDataBit
    bsp_led.o(i.LED_GPIO_Config) refers to stm32f10x_rcc.o(i.RCC_APB2PeriphClockCmd) for RCC_APB2PeriphClockCmd
    bsp_led.o(i.LED_GPIO_Config) refers to stm32f10x_gpio.o(i.GPIO_Init) for GPIO_Init
    bsp_led.o(i.LED_GPIO_Config) refers to stm32f10x_gpio.o(i.GPIO_SetBits) for GPIO_SetBits
    bsp_usart.o(i.USART1_IRQHandler) refers to stm32f10x_usart.o(i.USART_GetITStatus) for USART_GetITStatus
    bsp_usart.o(i.USART1_IRQHandler) refers to stm32f10x_usart.o(i.USART_ReceiveData) for USART_ReceiveData
    bsp_usart.o(i.USART1_IRQHandler) refers to usartlink.o(i.StoreUARTDataInISR) for StoreUARTDataInISR
    bsp_usart.o(i.USART_Config) refers to stm32f10x_rcc.o(i.RCC_APB2PeriphClockCmd) for RCC_APB2PeriphClockCmd
    bsp_usart.o(i.USART_Config) refers to stm32f10x_gpio.o(i.GPIO_Init) for GPIO_Init
    bsp_usart.o(i.USART_Config) refers to stm32f10x_usart.o(i.USART_Init) for USART_Init
    bsp_usart.o(i.USART_Config) refers to stm32f10x_usart.o(i.USART_Cmd) for USART_Cmd
    bsp_usart.o(i.USART_Config) refers to stm32f10x_usart.o(i.USART_ITConfig) for USART_ITConfig
    bsp_usart.o(i.fgetc) refers to stm32f10x_usart.o(i.USART_GetFlagStatus) for USART_GetFlagStatus
    bsp_usart.o(i.fgetc) refers to stm32f10x_usart.o(i.USART_ReceiveData) for USART_ReceiveData
    bsp_usart.o(i.fputc) refers to stm32f10x_usart.o(i.USART_SendData) for USART_SendData
    bsp_usart.o(i.fputc) refers to stm32f10x_usart.o(i.USART_GetFlagStatus) for USART_GetFlagStatus
    heap_4.o(i.prvHeapInit) refers to heap_4.o(.bss) for .bss
    heap_4.o(i.prvHeapInit) refers to heap_4.o(.data) for .data
    heap_4.o(i.prvInsertBlockIntoFreeList) refers to heap_4.o(.data) for .data
    heap_4.o(i.pvPortCalloc) refers to heap_4.o(i.pvPortMalloc) for pvPortMalloc
    heap_4.o(i.pvPortCalloc) refers to memseta.o(.text) for __aeabi_memclr
    heap_4.o(i.pvPortMalloc) refers to tasks.o(i.vTaskSuspendAll) for vTaskSuspendAll
    heap_4.o(i.pvPortMalloc) refers to heap_4.o(i.prvHeapInit) for prvHeapInit
    heap_4.o(i.pvPortMalloc) refers to printf3.o(i.__0printf$3) for __2printf
    heap_4.o(i.pvPortMalloc) refers to heap_4.o(i.prvInsertBlockIntoFreeList) for prvInsertBlockIntoFreeList
    heap_4.o(i.pvPortMalloc) refers to tasks.o(i.xTaskResumeAll) for xTaskResumeAll
    heap_4.o(i.pvPortMalloc) refers to heap_4.o(.data) for .data
    heap_4.o(i.vPortFree) refers to printf3.o(i.__0printf$3) for __2printf
    heap_4.o(i.vPortFree) refers to tasks.o(i.vTaskSuspendAll) for vTaskSuspendAll
    heap_4.o(i.vPortFree) refers to heap_4.o(i.prvInsertBlockIntoFreeList) for prvInsertBlockIntoFreeList
    heap_4.o(i.vPortFree) refers to tasks.o(i.xTaskResumeAll) for xTaskResumeAll
    heap_4.o(i.vPortFree) refers to heap_4.o(.data) for .data
    heap_4.o(i.vPortGetHeapStats) refers to tasks.o(i.vTaskSuspendAll) for vTaskSuspendAll
    heap_4.o(i.vPortGetHeapStats) refers to tasks.o(i.xTaskResumeAll) for xTaskResumeAll
    heap_4.o(i.vPortGetHeapStats) refers to port.o(i.vPortEnterCritical) for vPortEnterCritical
    heap_4.o(i.vPortGetHeapStats) refers to port.o(i.vPortExitCritical) for vPortExitCritical
    heap_4.o(i.vPortGetHeapStats) refers to heap_4.o(.data) for .data
    heap_4.o(i.xPortGetFreeHeapSize) refers to heap_4.o(.data) for .data
    heap_4.o(i.xPortGetMinimumEverFreeHeapSize) refers to heap_4.o(.data) for .data
    port.o(.emb_text) refers to tasks.o(i.vTaskSwitchContext) for vTaskSwitchContext
    port.o(.emb_text) refers to tasks.o(.data) for pxCurrentTCB
    port.o(i.prvTaskExitError) refers to printf3.o(i.__0printf$3) for __2printf
    port.o(i.prvTaskExitError) refers to port.o(.data) for .data
    port.o(i.pxPortInitialiseStack) refers to port.o(i.prvTaskExitError) for prvTaskExitError
    port.o(i.vPortEndScheduler) refers to printf3.o(i.__0printf$3) for __2printf
    port.o(i.vPortEndScheduler) refers to port.o(.data) for .data
[...]
    printf8.o(i.__0vsnprintf$8) refers to printf8.o(i._printf_core) for _printf_core
    printf8.o(i.__0vsnprintf$8) refers to printf8.o(i._snputc) for _snputc
    printf8.o(i.__0vsprintf$8) refers to printf8.o(i._printf_core) for _printf_core
    printf8.o(i.__0vsprintf$8) refers to printf8.o(i._sputc) for _sputc
    printf8.o(i._printf_core) refers to printf8.o(i._printf_pre_padding) for _printf_pre_padding
    printf8.o(i._printf_core) refers to uldiv.o(.text) for __aeabi_uldivmod
    printf8.o(i._printf_core) refers to printf8.o(i._printf_post_padding) for _printf_post_padding
    printfa.o(i.__0fprintf) refers (Special) to iusefp.o(.text) for __I$use$fp
    printfa.o(i.__0fprintf) refers to printfa.o(i._printf_core) for _printf_core
    printfa.o(i.__0fprintf) refers to bsp_usart.o(i.fputc) for fputc
    printfa.o(i.__0printf) refers (Special) to iusefp.o(.text) for __I$use$fp
    printfa.o(i.__0printf) refers to printfa.o(i._printf_core) for _printf_core
    printfa.o(i.__0printf) refers to bsp_usart.o(i.fputc) for fputc
    printfa.o(i.__0printf) refers to stdout.o(.data) for __stdout
    printfa.o(i.__0snprintf) refers (Special) to iusefp.o(.text) for __I$use$fp
    printfa.o(i.__0snprintf) refers to printfa.o(i._printf_core) for _printf_core
    printfa.o(i.__0snprintf) refers to printfa.o(i._snputc) for _snputc
    printfa.o(i.__0sprintf) refers (Special) to iusefp.o(.text) for __I$use$fp
    printfa.o(i.__0sprintf) refers to printfa.o(i._printf_core) for _printf_core
    printfa.o(i.__0sprintf) refers to printfa.o(i._sputc) for _sputc
    printfa.o(i.__0vfprintf) refers (Special) to iusefp.o(.text) for __I$use$fp
    printfa.o(i.__0vfprintf) refers to printfa.o(i._printf_core) for _printf_core
    printfa.o(i.__0vfprintf) refers to bsp_usart.o(i.fputc) for fputc
    printfa.o(i.__0vprintf) refers (Special) to iusefp.o(.text) for __I$use$fp
    printfa.o(i.__0vprintf) refers to printfa.o(i._printf_core) for _printf_core
    printfa.o(i.__0vprintf) refers to bsp_usart.o(i.fputc) for fputc
    printfa.o(i.__0vprintf) refers to stdout.o(.data) for __stdout
    printfa.o(i.__0vsnprintf) refers (Special) to iusefp.o(.text) for __I$use$fp
    printfa.o(i.__0vsnprintf) refers to printfa.o(i._printf_core) for _printf_core
    printfa.o(i.__0vsnprintf) refers to printfa.o(i._snputc) for _snputc
    printfa.o(i.__0vsprintf) refers (Special) to iusefp.o(.text) for __I$use$fp
    printfa.o(i.__0vsprintf) refers to printfa.o(i._printf_core) for _printf_core
    printfa.o(i.__0vsprintf) refers to printfa.o(i._sputc) for _sputc
    printfa.o(i._fp_digits) refers (Special) to iusefp.o(.text) for __I$use$fp
    printfa.o(i._fp_digits) refers to dmul.o(.text) for __aeabi_dmul
    printfa.o(i._fp_digits) refers to ddiv.o(.text) for __aeabi_ddiv
    printfa.o(i._fp_digits) refers to cdrcmple.o(.text) for __aeabi_cdrcmple
    printfa.o(i._fp_digits) refers to dadd.o(.text) for __aeabi_dadd
    printfa.o(i._fp_digits) refers to dfixul.o(.text) for __aeabi_d2ulz
    printfa.o(i._fp_digits) refers to uldiv.o(.text) for __aeabi_uldivmod
    printfa.o(i._printf_core) refers (Special) to iusefp.o(.text) for __I$use$fp
    printfa.o(i._printf_core) refers to printfa.o(i._printf_pre_padding) for _printf_pre_padding
    printfa.o(i._printf_core) refers to uldiv.o(.text) for __aeabi_uldivmod
    printfa.o(i._printf_core) refers to printfa.o(i._printf_post_padding) for _printf_post_padding
    printfa.o(i._printf_core) refers to printfa.o(i._fp_digits) for _fp_digits
    printfa.o(i._printf_core) refers to uidiv.o(.text) for __aeabi_uidivmod
    printfa.o(i._printf_post_padding) refers (Special) to iusefp.o(.text) for __I$use$fp
    printfa.o(i._printf_pre_padding) refers (Special) to iusefp.o(.text) for __I$use$fp
    printfa.o(i._snputc) refers (Special) to iusefp.o(.text) for __I$use$fp
    printfa.o(i._sputc) refers (Special) to iusefp.o(.text) for __I$use$fp
    fmul.o(.text) refers (Special) to iusefp.o(.text) for __I$use$fp
    fdiv.o(.text) refers (Special) to iusefp.o(.text) for __I$use$fp
    fdiv.o(.text) refers to fepilogue.o(.text) for _float_round
    ffltui.o(.text) refers (Special) to iusefp.o(.text) for __I$use$fp
    ffltui.o(.text) refers to fepilogue.o(.text) for _float_epilogue
    ffixui.o(.text) refers (Special) to iusefp.o(.text) for __I$use$fp
    entry2.o(.ARM.Collect$$$$00000001) refers to entry2.o(.ARM.Collect$$$$00002712) for __lit__00000000
    entry2.o(.ARM.Collect$$$$00002712) refers to startup_stm32f10x_hd.o(STACK) for __initial_sp
    entry2.o(__vectab_stack_and_reset_area) refers to startup_stm32f10x_hd.o(STACK) for __initial_sp
    entry2.o(__vectab_stack_and_reset_area) refers to entry.o(.ARM.Collect$$$$00000000) for __main
    entry5.o(.ARM.Collect$$$$00000004) refers to init.o(.text) for __scatterload
    entry9a.o(.ARM.Collect$$$$0000000B) refers to main.o(i.main) for main
    entry9b.o(.ARM.Collect$$$$0000000C) refers to main.o(i.main) for main
    uldiv.o(.text) refers to llushr.o(.text) for __aeabi_llsr
    uldiv.o(.text) refers to llshl.o(.text) for __aeabi_llsl
    dadd.o(.text) refers to llshl.o(.text) for __aeabi_llsl
    dadd.o(.text) refers to llsshr.o(.text) for __aeabi_lasr
    dadd.o(.text) refers to depilogue.o(.text) for _double_epilogue
    dmul.o(.text) refers to depilogue.o(.text) for _double_epilogue
    ddiv.o(.text) refers to depilogue.o(.text) for _double_round
    dfixul.o(.text) refers to llushr.o(.text) for __aeabi_llsr
    dfixul.o(.text) refers to llshl.o(.text) for __aeabi_llsl
    init.o(.text) refers to entry5.o(.ARM.Collect$$$$00000004) for __main_after_scatterload
    depilogue.o(.text) refers to llshl.o(.text) for __aeabi_llsl
    depilogue.o(.text) refers to llushr.o(.text) for __aeabi_llsr


==============================================================================

Removing Unused input sections from the image.

    Removing bsp_exti.o(.rev16_text), (4 bytes).
    Removing bsp_exti.o(.revsh_text), (4 bytes).
    Removing bsp_exti.o(.rrx_text), (6 bytes).
    Removing bsp_exti.o(i.EXTI_Key_Config), (168 bytes).
    Removing bsp_key.o(.rev16_text), (4 bytes).
    Removing bsp_key.o(.revsh_text), (4 bytes).
    Removing bsp_key.o(.rrx_text), (6 bytes).
    Removing bsp_key.o(i.Key_GPIO_Config), (60 bytes).
    Removing bsp_key.o(i.Key_Scan), (34 bytes).
    Removing bsp_led.o(.rev16_text), (4 bytes).
    Removing bsp_led.o(.revsh_text), (4 bytes).
    Removing bsp_led.o(.rrx_text), (6 bytes).
    Removing bsp_usart.o(.rev16_text), (4 bytes).
    Removing bsp_usart.o(.revsh_text), (4 bytes).
    Removing bsp_usart.o(.rrx_text), (6 bytes).
    Removing bsp_usart.o(i.fgetc), (32 bytes).
    Removing heap_4.o(.rev16_text), (4 bytes).
    Removing heap_4.o(.revsh_text), (4 bytes).
    Removing heap_4.o(.rrx_text), (6 bytes).
    Removing heap_4.o(i.pvPortCalloc), (38 bytes).
    Removing heap_4.o(i.vPortGetHeapStats), (108 bytes).
    Removing heap_4.o(i.vPortInitialiseBlocks), (2 bytes).
    Removing heap_4.o(i.xPortGetFreeHeapSize), (12 bytes).
    Removing heap_4.o(i.xPortGetMinimumEverFreeHeapSize), (12 bytes).
    Removing port.o(.rev16_text), (4 bytes).
    Removing port.o(.revsh_text), (4 bytes).
    Removing port.o(.rrx_text), (6 bytes).
    Removing port.o(i.vPortEndScheduler), (80 bytes).
    Removing list.o(.rev16_text), (4 bytes).
    Removing list.o(.revsh_text), (4 bytes).
    Removing list.o(.rrx_text), (6 bytes).
    Removing list.o(i.vListInsertEnd), (24 bytes).
    Removing queue.o(.rev16_text), (4 bytes).
    Removing queue.o(.revsh_text), (4 bytes).
    Removing queue.o(.rrx_text), (6 bytes).
    Removing queue.o(i.pcQueueGetName), (96 bytes).
    Removing queue.o(i.uxQueueMessagesWaiting), (72 bytes).
    Removing queue.o(i.uxQueueMessagesWaitingFromISR), (64 bytes).
    Removing queue.o(i.uxQueueSpacesAvailable), (76 bytes).
    Removing queue.o(i.vQueueAddToRegistry), (120 bytes).
    Removing queue.o(i.vQueueDelete), (84 bytes).
    Removing queue.o(i.vQueueUnregisterQueue), (100 bytes).
    Removing queue.o(i.xQueueGenericCreateStatic), (136 bytes).
    Removing queue.o(i.xQueueGiveFromISR), (208 bytes).
    Removing queue.o(i.xQueueIsQueueEmptyFromISR), (72 bytes).
    Removing queue.o(i.xQueueIsQueueFullFromISR), (76 bytes).
    Removing queue.o(i.xQueuePeek), (340 bytes).
    Removing queue.o(i.xQueuePeekFromISR), (144 bytes).
    Removing queue.o(i.xQueueReceiveFromISR), (208 bytes).
    Removing queue.o(i.xQueueSemaphoreTake), (324 bytes).
    Removing queue.o(.bss), (80 bytes).
    Removing tasks.o(.rev16_text), (4 bytes).
    Removing tasks.o(.revsh_text), (4 bytes).
    Removing tasks.o(.rrx_text), (6 bytes).
    Removing tasks.o(i.eTaskGetState), (160 bytes).
    Removing tasks.o(i.pcTaskGetName), (80 bytes).
    Removing tasks.o(i.prvTaskIsTaskSuspended), (88 bytes).
    Removing tasks.o(i.ulTaskGenericNotifyTake), (184 bytes).
    Removing tasks.o(i.ulTaskGenericNotifyValueClear), (44 bytes).
    Removing tasks.o(i.uxTaskPriorityGet), (28 bytes).
    Removing tasks.o(i.uxTaskPriorityGetFromISR), (44 bytes).
    Removing tasks.o(i.uxTaskResetEventItemValue), (24 bytes).
    Removing tasks.o(i.vTaskDelete), (216 bytes).
    Removing tasks.o(i.vTaskEndScheduler), (28 bytes).
    Removing tasks.o(i.vTaskGenericNotifyGiveFromISR), (332 bytes).
    Removing tasks.o(i.vTaskPlaceOnUnorderedEventList), (144 bytes).
    Removing tasks.o(i.vTaskPrioritySet), (256 bytes).
    Removing tasks.o(i.vTaskRemoveFromUnorderedEventList), (236 bytes).
    Removing tasks.o(i.vTaskResume), (204 bytes).
    Removing tasks.o(i.vTaskSetTimeOutState), (84 bytes).
    Removing tasks.o(i.vTaskSuspend), (232 bytes).
    Removing tasks.o(i.xTaskCatchUpTicks), (92 bytes).
    Removing tasks.o(i.xTaskDelayUntil), (176 bytes).
    Removing tasks.o(i.xTaskGenericNotify), (356 bytes).
    Removing tasks.o(i.xTaskGenericNotifyFromISR), (408 bytes).
    Removing tasks.o(i.xTaskGenericNotifyStateClear), (104 bytes).
    Removing tasks.o(i.xTaskGenericNotifyWait), (220 bytes).
    Removing tasks.o(i.xTaskGetCurrentTaskHandle), (12 bytes).
    Removing tasks.o(i.xTaskGetTickCountFromISR), (16 bytes).
    Removing tasks.o(i.xTaskResumeFromISR), (224 bytes).
    Removing crtp.o(.rev16_text), (4 bytes).
    Removing crtp.o(.revsh_text), (4 bytes).
    Removing crtp.o(.rrx_text), (6 bytes).
    Removing crtp.o(i.crtpGetFreeTxQueuePackets), (20 bytes).
    Removing crtp.o(i.crtpIsConnected), (20 bytes).
    Removing crtp.o(i.crtpReceivePacket), (16 bytes).
    Removing crtp.o(i.crtpReceivePacketWait), (24 bytes).
    Removing crtp.o(i.crtpRegisterPortCB), (16 bytes).
    Removing crtp.o(i.crtpReset), (28 bytes).
    Removing crtp.o(i.crtpSendPacket), (20 bytes).
    Removing crtp.o(i.crtpTest), (12 bytes).
    Removing crtpservice.o(.rev16_text), (4 bytes).
    Removing crtpservice.o(.revsh_text), (4 bytes).
    Removing crtpservice.o(.rrx_text), (6 bytes).
    Removing crtpservice.o(i.crtpserviceTest), (12 bytes).
    Removing static_mem.o(.rev16_text), (4 bytes).
    Removing static_mem.o(.revsh_text), (4 bytes).
    Removing static_mem.o(.rrx_text), (6 bytes).
    Removing static_mem.o(i.vApplicationGetTimerTaskMemory), (24 bytes).
    Removing usartlink.o(.rev16_text), (4 bytes).
    Removing usartlink.o(.revsh_text), (4 bytes).
    Removing usartlink.o(.rrx_text), (6 bytes).
    Removing misc.o(.rev16_text), (4 bytes).
    Removing misc.o(.revsh_text), (4 bytes).
    Removing misc.o(.rrx_text), (6 bytes).
    Removing misc.o(i.NVIC_Init), (100 bytes).
    Removing misc.o(i.NVIC_PriorityGroupConfig), (20 bytes).
    Removing misc.o(i.NVIC_SetVectorTable), (20 bytes).
    Removing misc.o(i.NVIC_SystemLPConfig), (24 bytes).
    Removing misc.o(i.SysTick_CLKSourceConfig), (24 bytes).
    Removing stm32f10x_exti.o(.rev16_text), (4 bytes).
    Removing stm32f10x_exti.o(.revsh_text), (4 bytes).
    Removing stm32f10x_exti.o(.rrx_text), (6 bytes).
    Removing stm32f10x_exti.o(i.EXTI_ClearFlag), (12 bytes).
    Removing stm32f10x_exti.o(i.EXTI_ClearITPendingBit), (12 bytes).
    Removing stm32f10x_exti.o(i.EXTI_DeInit), (36 bytes).
    Removing stm32f10x_exti.o(i.EXTI_GenerateSWInterrupt), (16 bytes).
    Removing stm32f10x_exti.o(i.EXTI_GetFlagStatus), (20 bytes).
    Removing stm32f10x_exti.o(i.EXTI_GetITStatus), (32 bytes).
    Removing stm32f10x_exti.o(i.EXTI_Init), (112 bytes).
    Removing stm32f10x_exti.o(i.EXTI_StructInit), (14 bytes).
    Removing stm32f10x_gpio.o(.rev16_text), (4 bytes).
    Removing stm32f10x_gpio.o(.revsh_text), (4 bytes).
    Removing stm32f10x_gpio.o(.rrx_text), (6 bytes).
    Removing stm32f10x_gpio.o(i.GPIO_AFIODeInit), (22 bytes).
    Removing stm32f10x_gpio.o(i.GPIO_DeInit), (180 bytes).
    Removing stm32f10x_gpio.o(i.GPIO_ETH_MediaInterfaceConfig), (12 bytes).
    Removing stm32f10x_gpio.o(i.GPIO_EXTILineConfig), (40 bytes).
    Removing stm32f10x_gpio.o(i.GPIO_EventOutputCmd), (12 bytes).
    Removing stm32f10x_gpio.o(i.GPIO_EventOutputConfig), (28 bytes).
    Removing stm32f10x_gpio.o(i.GPIO_PinLockConfig), (16 bytes).
    Removing stm32f10x_gpio.o(i.GPIO_PinRemapConfig), (88 bytes).
    Removing stm32f10x_gpio.o(i.GPIO_ReadInputData), (6 bytes).
    Removing stm32f10x_gpio.o(i.GPIO_ReadInputDataBit), (14 bytes).
    Removing stm32f10x_gpio.o(i.GPIO_ReadOutputData), (6 bytes).
    Removing stm32f10x_gpio.o(i.GPIO_ReadOutputDataBit), (14 bytes).
    Removing stm32f10x_gpio.o(i.GPIO_ResetBits), (4 bytes).
    Removing stm32f10x_gpio.o(i.GPIO_StructInit), (16 bytes).
    Removing stm32f10x_gpio.o(i.GPIO_Write), (4 bytes).
    Removing stm32f10x_gpio.o(i.GPIO_WriteBit), (10 bytes).
    Removing stm32f10x_rcc.o(.rev16_text), (4 bytes).
    Removing stm32f10x_rcc.o(.revsh_text), (4 bytes).
    Removing stm32f10x_rcc.o(.rrx_text), (6 bytes).
    Removing stm32f10x_rcc.o(i.RCC_ADCCLKConfig), (20 bytes).
    Removing stm32f10x_rcc.o(i.RCC_AHBPeriphClockCmd), (24 bytes).
    Removing stm32f10x_rcc.o(i.RCC_APB1PeriphClockCmd), (24 bytes).
    Removing stm32f10x_rcc.o(i.RCC_APB1PeriphResetCmd), (24 bytes).
    Removing stm32f10x_rcc.o(i.RCC_APB2PeriphResetCmd), (24 bytes).
    Removing stm32f10x_rcc.o(i.RCC_AdjustHSICalibrationValue), (20 bytes).
    Removing stm32f10x_rcc.o(i.RCC_BackupResetCmd), (12 bytes).
    Removing stm32f10x_rcc.o(i.RCC_ClearFlag), (16 bytes).
    Removing stm32f10x_rcc.o(i.RCC_ClearITPendingBit), (12 bytes).
    Removing stm32f10x_rcc.o(i.RCC_ClockSecuritySystemCmd), (12 bytes).
    Removing stm32f10x_rcc.o(i.RCC_DeInit), (64 bytes).
    Removing stm32f10x_rcc.o(i.RCC_GetFlagStatus), (48 bytes).
    Removing stm32f10x_rcc.o(i.RCC_GetITStatus), (20 bytes).
    Removing stm32f10x_rcc.o(i.RCC_GetSYSCLKSource), (16 bytes).
    Removing stm32f10x_rcc.o(i.RCC_HCLKConfig), (20 bytes).
    Removing stm32f10x_rcc.o(i.RCC_HSEConfig), (52 bytes).
    Removing stm32f10x_rcc.o(i.RCC_HSICmd), (12 bytes).
    Removing stm32f10x_rcc.o(i.RCC_ITConfig), (24 bytes).
    Removing stm32f10x_rcc.o(i.RCC_LSEConfig), (32 bytes).
    Removing stm32f10x_rcc.o(i.RCC_LSICmd), (12 bytes).
    Removing stm32f10x_rcc.o(i.RCC_MCOConfig), (12 bytes).
    Removing stm32f10x_rcc.o(i.RCC_PCLK1Config), (20 bytes).
    Removing stm32f10x_rcc.o(i.RCC_PCLK2Config), (20 bytes).
    Removing stm32f10x_rcc.o(i.RCC_PLLCmd), (12 bytes).
    Removing stm32f10x_rcc.o(i.RCC_PLLConfig), (20 bytes).
    Removing stm32f10x_rcc.o(i.RCC_RTCCLKCmd), (12 bytes).
    Removing stm32f10x_rcc.o(i.RCC_RTCCLKConfig), (16 bytes).
    Removing stm32f10x_rcc.o(i.RCC_SYSCLKConfig), (20 bytes).
    Removing stm32f10x_rcc.o(i.RCC_USBCLKConfig), (12 bytes).
    Removing stm32f10x_rcc.o(i.RCC_WaitForHSEStartUp), (44 bytes).
    Removing stm32f10x_usart.o(.rev16_text), (4 bytes).
    Removing stm32f10x_usart.o(.revsh_text), (4 bytes).
    Removing stm32f10x_usart.o(.rrx_text), (6 bytes).
    Removing stm32f10x_usart.o(i.USART_ClearFlag), (6 bytes).
    Removing stm32f10x_usart.o(i.USART_ClearITPendingBit), (12 bytes).
    Removing stm32f10x_usart.o(i.USART_ClockInit), (30 bytes).
    Removing stm32f10x_usart.o(i.USART_ClockStructInit), (12 bytes).
    Removing stm32f10x_usart.o(i.USART_DMACmd), (16 bytes).
    Removing stm32f10x_usart.o(i.USART_DeInit), (116 bytes).
    Removing stm32f10x_usart.o(i.USART_HalfDuplexCmd), (20 bytes).
    Removing stm32f10x_usart.o(i.USART_IrDACmd), (20 bytes).
    Removing stm32f10x_usart.o(i.USART_IrDAConfig), (16 bytes).
    Removing stm32f10x_usart.o(i.USART_LINBreakDetectLengthConfig), (16 bytes).
    Removing stm32f10x_usart.o(i.USART_LINCmd), (20 bytes).
    Removing stm32f10x_usart.o(i.USART_OneBitMethodCmd), (20 bytes).
    Removing stm32f10x_usart.o(i.USART_OverSampling8Cmd), (20 bytes).
    Removing stm32f10x_usart.o(i.USART_ReceiverWakeUpCmd), (20 bytes).
    Removing stm32f10x_usart.o(i.USART_SendBreak), (10 bytes).
    Removing stm32f10x_usart.o(i.USART_SetAddress), (16 bytes).
    Removing stm32f10x_usart.o(i.USART_SetGuardTime), (16 bytes).
    Removing stm32f10x_usart.o(i.USART_SetPrescaler), (16 bytes).
    Removing stm32f10x_usart.o(i.USART_SmartCardCmd), (20 bytes).
    Removing stm32f10x_usart.o(i.USART_SmartCardNACKCmd), (20 bytes).
    Removing stm32f10x_usart.o(i.USART_StructInit), (22 bytes).
    Removing stm32f10x_usart.o(i.USART_WakeUpConfig), (16 bytes).
    Removing system_stm32f10x.o(.rev16_text), (4 bytes).
    Removing system_stm32f10x.o(.revsh_text), (4 bytes).
    Removing system_stm32f10x.o(.rrx_text), (6 bytes).
    Removing system_stm32f10x.o(i.SystemCoreClockUpdate), (104 bytes).
    Removing main.o(.rev16_text), (4 bytes).
    Removing main.o(.revsh_text), (4 bytes).
    Removing main.o(.rrx_text), (6 bytes).
    Removing main.o(.data), (4 bytes).
    Removing main.o(.data), (4 bytes).
    Removing main.o(.data), (4 bytes).
    Removing startup_stm32f10x_hd.o(HEAP), (0 bytes).
    Removing stm32f10x_it.o(.rev16_text), (4 bytes).
    Removing stm32f10x_it.o(.revsh_text), (4 bytes).
    Removing stm32f10x_it.o(.rrx_text), (6 bytes).
    Removing dadd.o(.text), (334 bytes).
    Removing dmul.o(.text), (228 bytes).
    Removing ddiv.o(.text), (222 bytes).
    Removing dfixul.o(.text), (48 bytes).
    Removing cdrcmple.o(.text), (48 bytes).
    Removing depilogue.o(.text), (186 bytes).

218 unused section(s) (total 10500 bytes) removed from the image.

==============================================================================

Image Symbol Table

    Local Symbols

    Symbol Name                              Value     Ov Type        Size  Object(Section)

    ../clib/../cmprslib/zerorunl2.c          0x00000000   Number         0  __dczerorl2.o ABSOLUTE
    ../clib/microlib/division.c              0x00000000   Number         0  uidiv.o ABSOLUTE
    ../clib/microlib/division.c              0x00000000   Number         0  uldiv.o ABSOLUTE
    ../clib/microlib/init/entry.s            0x00000000   Number         0  entry7a.o ABSOLUTE
    ../clib/microlib/init/entry.s            0x00000000   Number         0  entry11b.o ABSOLUTE
    ../clib/microlib/init/entry.s            0x00000000   Number         0  entry5.o ABSOLUTE
    ../clib/microlib/init/entry.s            0x00000000   Number         0  entry.o ABSOLUTE
    ../clib/microlib/init/entry.s            0x00000000   Number         0  entry7b.o ABSOLUTE
    ../clib/microlib/init/entry.s            0x00000000   Number         0  entry8a.o ABSOLUTE
    ../clib/microlib/init/entry.s            0x00000000   Number         0  entry8b.o ABSOLUTE
    ../clib/microlib/init/entry.s            0x00000000   Number         0  entry9a.o ABSOLUTE
    ../clib/microlib/init/entry.s            0x00000000   Number         0  entry2.o ABSOLUTE
    ../clib/microlib/init/entry.s            0x00000000   Number         0  entry9b.o ABSOLUTE
    ../clib/microlib/init/entry.s            0x00000000   Number         0  entry10a.o ABSOLUTE
    ../clib/microlib/init/entry.s            0x00000000   Number         0  entry10b.o ABSOLUTE
    ../clib/microlib/init/entry.s            0x00000000   Number         0  entry11a.o ABSOLUTE
    ../clib/microlib/longlong.c              0x00000000   Number         0  llshl.o ABSOLUTE
    ../clib/microlib/longlong.c              0x00000000   Number         0  llushr.o ABSOLUTE
    ../clib/microlib/longlong.c              0x00000000   Number         0  llsshr.o ABSOLUTE
    ../clib/microlib/printf/printf.c         0x00000000   Number         0  printf6.o ABSOLUTE
    ../clib/microlib/printf/printf.c         0x00000000   Number         0  printf5.o ABSOLUTE
    ../clib/microlib/printf/printf.c         0x00000000   Number         0  printf1.o ABSOLUTE
    ../clib/microlib/printf/printf.c         0x00000000   Number         0  printf0.o ABSOLUTE
    ../clib/microlib/printf/printf.c         0x00000000   Number         0  printfb.o ABSOLUTE
    ../clib/microlib/printf/printf.c         0x00000000   Number         0  printf4.o ABSOLUTE
    ../clib/microlib/printf/printf.c         0x00000000   Number         0  printf2.o ABSOLUTE
    ../clib/microlib/printf/printf.c         0x00000000   Number         0  printfa.o ABSOLUTE
    ../clib/microlib/printf/printf.c         0x00000000   Number         0  printf3.o ABSOLUTE
    ../clib/microlib/printf/printf.c         0x00000000   Number         0  printf8.o ABSOLUTE
    ../clib/microlib/printf/printf.c         0x00000000   Number         0  printf7.o ABSOLUTE
    ../clib/microlib/printf/stubs.s          0x00000000   Number         0  stubs.o ABSOLUTE
    ../clib/microlib/stdio/streams.c         0x00000000   Number         0  stdout.o ABSOLUTE
    ../clib/microlib/string/memcpy.c         0x00000000   Number         0  memcpyb.o ABSOLUTE
    ../clib/microlib/string/memcpy.c         0x00000000   Number         0  memcpya.o ABSOLUTE
    ../clib/microlib/string/memset.c         0x00000000   Number         0  memseta.o ABSOLUTE
    ../clib/microlib/string/strcpy.c         0x00000000   Number         0  strcpy.o ABSOLUTE
    ../clib/microlib/stubs.s                 0x00000000   Number         0  iusefp.o ABSOLUTE
    ../fplib/microlib/fpadd.c                0x00000000   Number         0  dadd.o ABSOLUTE
    ../fplib/microlib/fpdiv.c                0x00000000   Number         0  ddiv.o ABSOLUTE
    ../fplib/microlib/fpdiv.c                0x00000000   Number         0  fdiv.o ABSOLUTE
    ../fplib/microlib/fpepilogue.c           0x00000000   Number         0  depilogue.o ABSOLUTE
    ../fplib/microlib/fpepilogue.c           0x00000000   Number         0  fepilogue.o ABSOLUTE
    ../fplib/microlib/fpfix.c                0x00000000   Number         0  ffixui.o ABSOLUTE
    ../fplib/microlib/fpfix.c                0x00000000   Number         0  dfixul.o ABSOLUTE
    ../fplib/microlib/fpflt.c                0x00000000   Number         0  ffltui.o ABSOLUTE
    ../fplib/microlib/fpmul.c                0x00000000   Number         0  fmul.o ABSOLUTE
    ../fplib/microlib/fpmul.c                0x00000000   Number         0  dmul.o ABSOLUTE
    .\.eide\deps\exti\bsp_exti.c             0x00000000   Number         0  bsp_exti.o ABSOLUTE
    .\.eide\deps\key\bsp_key.c               0x00000000   Number         0  bsp_key.o ABSOLUTE
    .\.eide\deps\led\bsp_led.c               0x00000000   Number         0  bsp_led.o ABSOLUTE
    .\.eide\deps\usart\bsp_usart.c           0x00000000   Number         0  bsp_usart.o ABSOLUTE
    .\FreeRTOS\port\MemMang\heap_4.c         0x00000000   Number         0  heap_4.o ABSOLUTE
    .\FreeRTOS\port\RVDS\ARM_CM3\port.c      0x00000000   Number         0  port.o ABSOLUTE
    .\FreeRTOS\src\list.c                    0x00000000   Number         0  list.o ABSOLUTE
    .\FreeRTOS\src\queue.c                   0x00000000   Number         0  queue.o ABSOLUTE
    .\FreeRTOS\src\tasks.c                   0x00000000   Number         0  tasks.o ABSOLUTE
    .\\.eide\\deps\\exti\\bsp_exti.c         0x00000000   Number         0  bsp_exti.o ABSOLUTE
    .\\.eide\\deps\\key\\bsp_key.c           0x00000000   Number         0  bsp_key.o ABSOLUTE
    .\\.eide\\deps\\led\\bsp_led.c           0x00000000   Number         0  bsp_led.o ABSOLUTE
    .\\.eide\\deps\\usart\\bsp_usart.c       0x00000000   Number         0  bsp_usart.o ABSOLUTE
    .\\FreeRTOS\\port\\MemMang\\heap_4.c     0x00000000   Number         0  heap_4.o ABSOLUTE
    .\\FreeRTOS\\port\\RVDS\\ARM_CM3\\port.c 0x00000000   Number         0  port.o ABSOLUTE
    .\\FreeRTOS\\src\\list.c                 0x00000000   Number         0  list.o ABSOLUTE
    .\\FreeRTOS\\src\\queue.c                0x00000000   Number         0  queue.o ABSOLUTE
    .\\FreeRTOS\\src\\tasks.c                0x00000000   Number         0  tasks.o ABSOLUTE
    .\\crtp\\crtp.c                          0x00000000   Number         0  crtp.o ABSOLUTE
    .\\crtp\\crtpservice.c                   0x00000000   Number         0  crtpservice.o ABSOLUTE
    .\\crtp\\static_mem.c                    0x00000000   Number         0  static_mem.o ABSOLUTE
    .\\crtp\\usartlink.c                     0x00000000   Number         0  usartlink.o ABSOLUTE
    .\\hal\\STM32F10x_StdPeriph_Driver\\src\\misc.c 0x00000000   Number         0  misc.o ABSOLUTE
    .\\hal\\STM32F10x_StdPeriph_Driver\\src\\stm32f10x_exti.c 0x00000000   Number         0  stm32f10x_exti.o ABSOLUTE
    .\\hal\\STM32F10x_StdPeriph_Driver\\src\\stm32f10x_gpio.c 0x00000000   Number         0  stm32f10x_gpio.o ABSOLUTE
    .\\hal\\STM32F10x_StdPeriph_Driver\\src\\stm32f10x_rcc.c 0x00000000   Number         0  stm32f10x_rcc.o ABSOLUTE
    .\\hal\\STM32F10x_StdPeriph_Driver\\src\\stm32f10x_usart.c 0x00000000   Number         0  stm32f10x_usart.o ABSOLUTE
    .\\hal\\STM32F10x_StdPeriph_Driver\\system_stm32f10x.c 0x00000000   Number         0  system_stm32f10x.o ABSOLUTE
    .\\src\\main.c                           0x00000000   Number         0  main.o ABSOLUTE
    .\\src\\stm32f10x_it.c                   0x00000000   Number         0  stm32f10x_it.o ABSOLUTE
    .\crtp\crtp.c                            0x00000000   Number         0  crtp.o ABSOLUTE
    .\crtp\crtpservice.c                     0x00000000   Number         0  crtpservice.o ABSOLUTE
    .\crtp\static_mem.c                      0x00000000   Number         0  static_mem.o ABSOLUTE
    .\crtp\usartlink.c                       0x00000000   Number         0  usartlink.o ABSOLUTE
    .\hal\STM32F10x_StdPeriph_Driver\src\misc.c 0x00000000   Number         0  misc.o ABSOLUTE
    .\hal\STM32F10x_StdPeriph_Driver\src\stm32f10x_exti.c 0x00000000   Number         0  stm32f10x_exti.o ABSOLUTE
    .\hal\STM32F10x_StdPeriph_Driver\src\stm32f10x_gpio.c 0x00000000   Number         0  stm32f10x_gpio.o ABSOLUTE
    .\hal\STM32F10x_StdPeriph_Driver\src\stm32f10x_rcc.c 0x00000000   Number         0  stm32f10x_rcc.o ABSOLUTE
    .\hal\STM32F10x_StdPeriph_Driver\src\stm32f10x_usart.c 0x00000000   Number         0  stm32f10x_usart.o ABSOLUTE
    .\hal\STM32F10x_StdPeriph_Driver\system_stm32f10x.c 0x00000000   Number         0  system_stm32f10x.o ABSOLUTE
    .\src\main.c                             0x00000000   Number         0  main.o ABSOLUTE
    .\src\startup_stm32f10x_hd.s             0x00000000   Number         0  startup_stm32f10x_hd.o ABSOLUTE
    .\src\stm32f10x_it.c                     0x00000000   Number         0  stm32f10x_it.o ABSOLUTE
    cdrcmple.s                               0x00000000   Number         0  cdrcmple.o ABSOLUTE
    dc.s                                     0x00000000   Number         0  dc.o ABSOLUTE
    handlers.s                               0x00000000   Number         0  handlers.o ABSOLUTE
    init.s                                   0x00000000   Number         0  init.o ABSOLUTE
    RESET                                    0x08000000   Section      304  startup_stm32f10x_hd.o(RESET)
    .ARM.Collect$$$$00000000                 0x08000130   Section        0  entry.o(.ARM.Collect$$$$00000000)
    .ARM.Collect$$$$00000001                 0x08000130   Section        4  entry2.o(.ARM.Collect$$$$00000001)
    .ARM.Collect$$$$00000004                 0x08000134   Section        4  entry5.o(.ARM.Collect$$$$00000004)
    .ARM.Collect$$$$00000008                 0x08000138   Section        0  entry7b.o(.ARM.Collect$$$$00000008)
    .ARM.Collect$$$$0000000A                 0x08000138   Section        0  entry8b.o(.ARM.Collect$$$$0000000A)
    .ARM.Collect$$$$0000000B                 0x08000138   Section        8  entry9a.o(.ARM.Collect$$$$0000000B)
    .ARM.Collect$$$$0000000D                 0x08000140   Section        0  entry10a.o(.ARM.Collect$$$$0000000D)
    .ARM.Collect$$$$0000000F                 0x08000140   Section        0  entry11a.o(.ARM.Collect$$$$0000000F)
    .ARM.Collect$$$$00002712                 0x08000140   Section        4  entry2.o(.ARM.Collect$$$$00002712)
    __lit__00000000                          0x08000140   Data           4  entry2.o(.ARM.Collect$$$$00002712)
    .emb_text                                0x08000144   Section      150  port.o(.emb_text)
    .text                                    0x080001dc   Section       36  startup_stm32f10x_hd.o(.text)
    .text                                    0x08000200   Section        0  memcpya.o(.text)
    .text                                    0x08000224   Section        0  memseta.o(.text)
    .text                                    0x08000248   Section        0  strcpy.o(.text)
    .text                                    0x0800025a   Section        0  fmul.o(.text)
    .text                                    0x080002be   Section        0  fdiv.o(.text)
    .text                                    0x0800033a   Section        0  ffltui.o(.text)
    .text                                    0x08000344   Section        0  ffixui.o(.text)
    .text                                    0x0800036c   Section        0  uidiv.o(.text)
    .text                                    0x08000398   Section        0  iusefp.o(.text)
    .text                                    0x08000398   Section        0  fepilogue.o(.text)
    .text                                    0x08000408   Section       36  init.o(.text)
    .text                                    0x0800042c   Section        0  __dczerorl2.o(.text)
    i.BusFault_Handler                       0x08000482   Section        0  stm32f10x_it.o(i.BusFault_Handler)
    i.DebugMon_Handler                       0x08000484   Section        0  stm32f10x_it.o(i.DebugMon_Handler)
    i.GPIO_Init                              0x08000486   Section        0  stm32f10x_gpio.o(i.GPIO_Init)
    i.GPIO_SetBits                           0x08000522   Section        0  stm32f10x_gpio.o(i.GPIO_SetBits)
    i.HardFault_Handler                      0x08000526   Section        0  stm32f10x_it.o(i.HardFault_Handler)
    i.LED_GPIO_Config                        0x08000528   Section        0  bsp_led.o(i.LED_GPIO_Config)
    i.MemManage_Handler                      0x08000588   Section        0  stm32f10x_it.o(i.MemManage_Handler)
    i.NMI_Handler                            0x0800058a   Section        0  stm32f10x_it.o(i.NMI_Handler)
    i.RCC_APB2PeriphClockCmd                 0x0800058c   Section        0  stm32f10x_rcc.o(i.RCC_APB2PeriphClockCmd)
    i.RCC_GetClocksFreq                      0x080005a4   Section        0  stm32f10x_rcc.o(i.RCC_GetClocksFreq)
    i.SetSysClockTo72                        0x08000638   Section        0  system_stm32f10x.o(i.SetSysClockTo72)
    SetSysClockTo72                          0x08000639   Thumb Code   160  system_stm32f10x.o(i.SetSysClockTo72)
    i.StoreUARTDataInISR                     0x080006e0   Section        0  usartlink.o(i.StoreUARTDataInISR)
    i.SysTick_Handler                        0x080006f8   Section        0  stm32f10x_it.o(i.SysTick_Handler)
    i.SystemInit                             0x0800070c   Section        0  system_stm32f10x.o(i.SystemInit)
    i.UARTParserPacket                       0x0800075c   Section        0  usartlink.o(i.UARTParserPacket)
    UARTParserPacket                         0x0800075d   Thumb Code   108  usartlink.o(i.UARTParserPacket)
    i.USART1_IRQHandler                      0x080007cc   Section        0  bsp_usart.o(i.USART1_IRQHandler)
    i.USART_Cmd                              0x080007f4   Section        0  stm32f10x_usart.o(i.USART_Cmd)
    i.USART_Config                           0x08000808   Section        0  bsp_usart.o(i.USART_Config)
    i.USART_GetFlagStatus                    0x080008ac   Section        0  stm32f10x_usart.o(i.USART_GetFlagStatus)
    i.USART_GetITStatus                      0x080008ba   Section        0  stm32f10x_usart.o(i.USART_GetITStatus)
    i.USART_ITConfig                         0x080008f8   Section        0  stm32f10x_usart.o(i.USART_ITConfig)
    i.USART_Init                             0x08000928   Section        0  stm32f10x_usart.o(i.USART_Init)
    i.USART_ReceiveData                      0x080009d4   Section        0  stm32f10x_usart.o(i.USART_ReceiveData)
    i.USART_SendData                         0x080009dc   Section        0  stm32f10x_usart.o(i.USART_SendData)
    i.UsageFault_Handler                     0x080009e4   Section        0  stm32f10x_it.o(i.UsageFault_Handler)
    i.UsartlinkGetLink                       0x080009e8   Section        0  usartlink.o(i.UsartlinkGetLink)
    i.UsartlinkInit                          0x080009f0   Section        0  usartlink.o(i.UsartlinkInit)
    i.UsartlinkReceivePacket                 0x08000a38   Section        0  usartlink.o(i.UsartlinkReceivePacket)
    UsartlinkReceivePacket                   0x08000a39   Thumb Code    28  usartlink.o(i.UsartlinkReceivePacket)
    i.UsartlinkSendPacket                    0x08000a58   Section        0  usartlink.o(i.UsartlinkSendPacket)
    UsartlinkSendPacket                      0x08000a59   Thumb Code    54  usartlink.o(i.UsartlinkSendPacket)
    i.UsartlinkSetEnable                     0x08000a8e   Section        0  usartlink.o(i.UsartlinkSetEnable)
    UsartlinkSetEnable                       0x08000a8f   Thumb Code     4  usartlink.o(i.UsartlinkSetEnable)
    i.__0printf$3                            0x08000a94   Section        0  printf3.o(i.__0printf$3)
    i.__scatterload_copy                     0x08000ab4   Section       14  handlers.o(i.__scatterload_copy)
    i.__scatterload_null                     0x08000ac2   Section        2  handlers.o(i.__scatterload_null)
    i.__scatterload_zeroinit                 0x08000ac4   Section       14  handlers.o(i.__scatterload_zeroinit)
    i._printf_core                           0x08000ad4   Section        0  printf3.o(i._printf_core)
    _printf_core                             0x08000ad5   Thumb Code   436  printf3.o(i._printf_core)
    i.crtpInit                               0x08000c8c   Section        0  crtp.o(i.crtpInit)
    i.crtpInitTaskQueue                      0x08000d00   Section        0  crtp.o(i.crtpInitTaskQueue)
    i.crtpReceivePacketBlock                 0x08000d1c   Section        0  crtp.o(i.crtpReceivePacketBlock)
    i.crtpRxTask                             0x08000d30   Section        0  crtp.o(i.crtpRxTask)
    crtpRxTask                               0x08000d31   Thumb Code    96  crtp.o(i.crtpRxTask)
    i.crtpSendPacketBlock                    0x08000d98   Section        0  crtp.o(i.crtpSendPacketBlock)
    i.crtpSetLink                            0x08000dac   Section        0  crtp.o(i.crtpSetLink)
    i.crtpSrvTask                            0x08000dd8   Section        0  crtpservice.o(i.crtpSrvTask)
    crtpSrvTask                              0x08000dd9   Thumb Code    82  crtpservice.o(i.crtpSrvTask)
    i.crtpTxTask                             0x08000e48   Section        0  crtp.o(i.crtpTxTask)
    crtpTxTask                               0x08000e49   Thumb Code    74  crtp.o(i.crtpTxTask)
    i.crtpserviceInit                        0x08000e9c   Section        0  crtpservice.o(i.crtpserviceInit)
    i.fputc                                  0x08000edc   Section        0  bsp_usart.o(i.fputc)
    i.main                                   0x08000f00   Section        0  main.o(i.main)
    i.nopFunc                                0x08000f68   Section        0  crtp.o(i.nopFunc)
    nopFunc                                  0x08000f69   Thumb Code     6  crtp.o(i.nopFunc)
    i.prvAddCurrentTaskToDelayedList         0x08000f70   Section        0  tasks.o(i.prvAddCurrentTaskToDelayedList)
    prvAddCurrentTaskToDelayedList           0x08000f71   Thumb Code   128  tasks.o(i.prvAddCurrentTaskToDelayedList)
    i.prvAddNewTaskToReadyList               0x08000ff8   Section        0  tasks.o(i.prvAddNewTaskToReadyList)
    prvAddNewTaskToReadyList                 0x08000ff9   Thumb Code   222  tasks.o(i.prvAddNewTaskToReadyList)
    i.prvCopyDataFromQueue                   0x080010e8   Section        0  queue.o(i.prvCopyDataFromQueue)
    prvCopyDataFromQueue                     0x080010e9   Thumb Code    38  queue.o(i.prvCopyDataFromQueue)
    i.prvCopyDataToQueue                     0x0800110e   Section        0  queue.o(i.prvCopyDataToQueue)
    prvCopyDataToQueue                       0x0800110f   Thumb Code    90  queue.o(i.prvCopyDataToQueue)
    i.prvDeleteTCB                           0x08001168   Section        0  tasks.o(i.prvDeleteTCB)
    prvDeleteTCB                             0x08001169   Thumb Code    52  tasks.o(i.prvDeleteTCB)
    i.prvHeapInit                            0x080011c4   Section        0  heap_4.o(i.prvHeapInit)
    prvHeapInit                              0x080011c5   Thumb Code    60  heap_4.o(i.prvHeapInit)
    i.prvIdleTask                            0x08001208   Section        0  tasks.o(i.prvIdleTask)
    prvIdleTask                              0x08001209   Thumb Code    80  tasks.o(i.prvIdleTask)
    i.prvInitialiseNewQueue                  0x08001264   Section        0  queue.o(i.prvInitialiseNewQueue)
    prvInitialiseNewQueue                    0x08001265   Thumb Code    22  queue.o(i.prvInitialiseNewQueue)
    i.prvInitialiseNewTask                   0x0800127c   Section        0  tasks.o(i.prvInitialiseNewTask)
    prvInitialiseNewTask                     0x0800127d   Thumb Code   146  tasks.o(i.prvInitialiseNewTask)
    i.prvInsertBlockIntoFreeList             0x08001338   Section        0  heap_4.o(i.prvInsertBlockIntoFreeList)
    prvInsertBlockIntoFreeList               0x08001339   Thumb Code    72  heap_4.o(i.prvInsertBlockIntoFreeList)
    i.prvIsQueueEmpty                        0x08001384   Section        0  queue.o(i.prvIsQueueEmpty)
    prvIsQueueEmpty                          0x08001385   Thumb Code    26  queue.o(i.prvIsQueueEmpty)
    i.prvResetNextTaskUnblockTime            0x080013a0   Section        0  tasks.o(i.prvResetNextTaskUnblockTime)
    prvResetNextTaskUnblockTime              0x080013a1   Thumb Code    24  tasks.o(i.prvResetNextTaskUnblockTime)
    i.prvTaskExitError                       0x080013bc   Section        0  port.o(i.prvTaskExitError)
    prvTaskExitError                         0x080013bd   Thumb Code    34  port.o(i.prvTaskExitError)
    i.prvUnlockQueue                         0x08001418   Section        0  queue.o(i.prvUnlockQueue)
    prvUnlockQueue                           0x08001419   Thumb Code   106  queue.o(i.prvUnlockQueue)
    i.pvPortMalloc                           0x08001484   Section        0  heap_4.o(i.pvPortMalloc)
    i.pxPortInitialiseStack                  0x08001584   Section        0  port.o(i.pxPortInitialiseStack)
    i.updateStats                            0x080015a8   Section        0  crtp.o(i.updateStats)
    updateStats                              0x080015a9   Thumb Code    96  crtp.o(i.updateStats)
    i.uxListRemove                           0x08001610   Section        0  list.o(i.uxListRemove)
    i.uxTaskGetNumberOfTasks                 0x08001638   Section        0  tasks.o(i.uxTaskGetNumberOfTasks)
    i.vApplicationGetIdleTaskMemory          0x08001644   Section        0  static_mem.o(i.vApplicationGetIdleTaskMemory)
    i.vListInitialise                        0x08001658   Section        0  list.o(i.vListInitialise)
    i.vListInitialiseItem                    0x0800166e   Section        0  list.o(i.vListInitialiseItem)
    i.vListInsert                            0x08001674   Section        0  list.o(i.vListInsert)
    i.vPortEnterCritical                     0x080016a4   Section        0  port.o(i.vPortEnterCritical)
    i.vPortExitCritical                      0x08001714   Section        0  port.o(i.vPortExitCritical)
    i.vPortFree                              0x08001770   Section        0  heap_4.o(i.vPortFree)
    i.vPortSetupTimerInterrupt               0x0800180c   Section        0  port.o(i.vPortSetupTimerInterrupt)
    i.vPortValidateInterruptPriority         0x08001830   Section        0  port.o(i.vPortValidateInterruptPriority)
    i.vTaskDelay                             0x080018b4   Section        0  tasks.o(i.vTaskDelay)
    i.vTaskInternalSetTimeOutState           0x08001924   Section        0  tasks.o(i.vTaskInternalSetTimeOutState)
    i.vTaskMissedYield                       0x08001934   Section        0  tasks.o(i.vTaskMissedYield)
    i.vTaskPlaceOnEventList                  0x08001940   Section        0  tasks.o(i.vTaskPlaceOnEventList)
    i.vTaskStartScheduler                    0x08001998   Section        0  tasks.o(i.vTaskStartScheduler)
    i.vTaskSuspendAll                        0x080019fc   Section        0  tasks.o(i.vTaskSuspendAll)
    i.vTaskSwitchContext                     0x08001a0c   Section        0  tasks.o(i.vTaskSwitchContext)
    i.xPortStartScheduler                    0x08001a8c   Section        0  port.o(i.xPortStartScheduler)
    i.xPortSysTickHandler                    0x08001b78   Section        0  port.o(i.xPortSysTickHandler)
    i.xQueueGenericCreate                    0x08001ba4   Section        0  queue.o(i.xQueueGenericCreate)
    i.xQueueGenericReset                     0x08001c20   Section        0  queue.o(i.xQueueGenericReset)
    i.xQueueGenericSend                      0x08001cf0   Section        0  queue.o(i.xQueueGenericSend)
    i.xQueueGenericSendFromISR               0x08001e68   Section        0  queue.o(i.xQueueGenericSendFromISR)
    i.xQueueReceive                          0x08001f58   Section        0  queue.o(i.xQueueReceive)
    i.xTaskCheckForTimeOut                   0x080020ac   Section        0  tasks.o(i.xTaskCheckForTimeOut)
    i.xTaskCreate                            0x08002148   Section        0  tasks.o(i.xTaskCreate)
    i.xTaskCreateStatic                      0x080021a8   Section        0  tasks.o(i.xTaskCreateStatic)
    i.xTaskGetSchedulerState                 0x08002244   Section        0  tasks.o(i.xTaskGetSchedulerState)
    i.xTaskGetTickCount                      0x08002260   Section        0  tasks.o(i.xTaskGetTickCount)
    i.xTaskIncrementTick                     0x0800226c   Section        0  tasks.o(i.xTaskIncrementTick)
    i.xTaskRemoveFromEventList               0x080023b8   Section        0  tasks.o(i.xTaskRemoveFromEventList)
    i.xTaskResumeAll                         0x080024b8   Section        0  tasks.o(i.xTaskResumeAll)
    .conststrlit                             0x08002608   Section       34  crtp.o(.conststrlit)
    .conststrlit                             0x0800262c   Section       33  crtpservice.o(.conststrlit)
    .log.crtp                                0x08002650   Section       48  crtp.o(.log.crtp)
    __logs_crtp                              0x08002650   Data          48  crtp.o(.log.crtp)
    __tagsym$$used                           0x08002650   Number         0  crtp.o(.log.crtp)
    .ccmbss                                  0x20000000   Section     1688  crtp.o(.ccmbss)
    osSys_crtpTxTaskStackBuffer              0x20000000   Data         512  crtp.o(.ccmbss)
    osSys_crtpTxTaskTaskBuffer               0x20000200   Data          76  crtp.o(.ccmbss)
    osSys_crtpRxTaskStackBuffer              0x2000024c   Data        1024  crtp.o(.ccmbss)
    osSys_crtpRxTaskTaskBuffer               0x2000064c   Data          76  crtp.o(.ccmbss)
    .ccmbss                                  0x20000698   Section      676  crtpservice.o(.ccmbss)
    osSys_crtpSrvTaskStackBuffer             0x20000698   Data         600  crtpservice.o(.ccmbss)
    osSys_crtpSrvTaskTaskBuffer              0x200008f0   Data          76  crtpservice.o(.ccmbss)
    .ccmbss                                  0x2000093c   Section     1688  static_mem.o(.ccmbss)
    xIdleTaskTCB                             0x2000093c   Data          76  static_mem.o(.ccmbss)
    uxIdleTaskStack                          0x20000988   Data         512  static_mem.o(.ccmbss)
    xTimerTaskTCB                            0x20000b88   Data          76  static_mem.o(.ccmbss)
    uxTimerTaskStack                         0x20000bd4   Data        1024  static_mem.o(.ccmbss)
    .data                                    0x20000fd4   Section       28  heap_4.o(.data)
    pxEnd                                    0x20000fd4   Data           4  heap_4.o(.data)
    xFreeBytesRemaining                      0x20000fd8   Data           4  heap_4.o(.data)
    xMinimumEverFreeBytesRemaining           0x20000fdc   Data           4  heap_4.o(.data)
    xNumberOfSuccessfulAllocations           0x20000fe0   Data           4  heap_4.o(.data)
    xNumberOfSuccessfulFrees                 0x20000fe4   Data           4  heap_4.o(.data)
    xStart                                   0x20000fe8   Data           8  heap_4.o(.data)
    .data                                    0x20000ff0   Section       12  port.o(.data)
    ucMaxSysCallPriority                     0x20000ff0   Data           1  port.o(.data)
    uxCriticalNesting                        0x20000ff4   Data           4  port.o(.data)
    ulMaxPRIGROUPValue                       0x20000ff8   Data           4  port.o(.data)
    .data                                    0x20000ffc   Section       64  tasks.o(.data)
    uxDeletedTasksWaitingCleanUp             0x20001000   Data           4  tasks.o(.data)
    uxCurrentNumberOfTasks                   0x20001004   Data           4  tasks.o(.data)
    xTickCount                               0x20001008   Data           4  tasks.o(.data)
    uxTopReadyPriority                       0x2000100c   Data           4  tasks.o(.data)
    xSchedulerRunning                        0x20001010   Data           4  tasks.o(.data)
    xPendedTicks                             0x20001014   Data           4  tasks.o(.data)
    xYieldPending                            0x20001018   Data           4  tasks.o(.data)
    xNumOfOverflows                          0x2000101c   Data           4  tasks.o(.data)
    uxTaskNumber                             0x20001020   Data           4  tasks.o(.data)
    xNextTaskUnblockTime                     0x20001024   Data           4  tasks.o(.data)
    xIdleTaskHandle                          0x20001028   Data           4  tasks.o(.data)
    uxSchedulerSuspended                     0x20001030   Data           4  tasks.o(.data)
    pxDelayedTaskList                        0x20001034   Data           4  tasks.o(.data)
    pxOverflowDelayedTaskList                0x20001038   Data           4  tasks.o(.data)
    .data                                    0x2000103c   Section       32  crtp.o(.data)
    isInit                                   0x2000103c   Data           1  crtp.o(.data)
    link                                     0x20001040   Data           4  crtp.o(.data)
    txQueue                                  0x20001044   Data           4  crtp.o(.data)
    nopLink                                  0x20001048   Data          20  crtp.o(.data)
    .data                                    0x2000105c   Section        4  crtpservice.o(.data)
    isInit                                   0x2000105c   Data           1  crtpservice.o(.data)
    echoDelay                                0x2000105e   Data           2  crtpservice.o(.data)
    .data                                    0x20001060   Section       32  usartlink.o(.data)
    UARTParserTask_Handle                    0x20001060   Data           4  usartlink.o(.data)
    crtpPacketDelivery                       0x20001064   Data           4  usartlink.o(.data)
    uartRecvQueue                            0x20001068   Data           4  usartlink.o(.data)
    UsartlinkOp                              0x2000106c   Data          20  usartlink.o(.data)
    .data                                    0x20001080   Section       20  stm32f10x_rcc.o(.data)
    ADCPrescTable                            0x20001080   Data           4  stm32f10x_rcc.o(.data)
    APBAHBPrescTable                         0x20001084   Data          16  stm32f10x_rcc.o(.data)
    .data                                    0x20001094   Section       20  system_stm32f10x.o(.data)
    .data                                    0x200010a8   Section        4  stdout.o(.data)
    .param.crtpsrv                           0x200010ac   Section       60  crtpservice.o(.param.crtpsrv)
    __params_crtpsrv                         0x200010ac   Data          60  crtpservice.o(.param.crtpsrv)
    __tagsym$$used                           0x200010ac   Number         0  crtpservice.o(.param.crtpsrv)
    .bss                                     0x200010e8   Section    16384  heap_4.o(.bss)
    ucHeap                                   0x200010e8   Data       16384  heap_4.o(.bss)
    .bss                                     0x200050e8   Section      740  tasks.o(.bss)
    pxReadyTasksLists                        0x200050e8   Data         640  tasks.o(.bss)
    xDelayedTaskList1                        0x20005368   Data          20  tasks.o(.bss)
    xDelayedTaskList2                        0x2000537c   Data          20  tasks.o(.bss)
    xPendingReadyList                        0x20005390   Data          20  tasks.o(.bss)
    xTasksWaitingTermination                 0x200053a4   Data          20  tasks.o(.bss)
    xSuspendedTaskList                       0x200053b8   Data          20  tasks.o(.bss)
    .bss                                     0x200053cc   Section      148  crtp.o(.bss)
    stats                                    0x200053cc   Data          20  crtp.o(.bss)
    queues                                   0x200053e0   Data          64  crtp.o(.bss)
    callbacks                                0x20005420   Data          64  crtp.o(.bss)
    .bss                                     0x20005460   Section       32  crtpservice.o(.bss)
    p                                        0x20005460   Data          32  crtpservice.o(.bss)
    STACK                                    0x20005480   Section     1024  startup_stm32f10x_hd.o(STACK)

    Global Symbols

    Symbol Name                              Value     Ov Type        Size  Object(Section)

    BuildAttributes$$THM_ISAv4$P$D$K$B$S$PE$A:L22UL41UL21$X:L11$S22US41US21$IEEE1$IW$USESV6$~STKCKD$USESV7$~SHL$OTIME$ROPI$EBA8$MICROLIB$REQ8$PRES8$EABIv2 0x00000000   Number         0  anon$$obj.o ABSOLUTE
    __ARM_use_no_argv                        0x00000000   Number         0  main.o ABSOLUTE
    _printf_a                                0x00000000   Number         0  stubs.o ABSOLUTE
    _printf_c                                0x00000000   Number         0  stubs.o ABSOLUTE
    _printf_charcount                        0x00000000   Number         0  stubs.o ABSOLUTE
    _printf_d                                0x00000000   Number         0  stubs.o ABSOLUTE
    _printf_e                                0x00000000   Number         0  stubs.o ABSOLUTE
    _printf_f                                0x00000000   Number         0  stubs.o ABSOLUTE
    _printf_flags                            0x00000000   Number         0  stubs.o ABSOLUTE
    _printf_fp_dec                           0x00000000   Number         0  stubs.o ABSOLUTE
    _printf_fp_hex                           0x00000000   Number         0  stubs.o ABSOLUTE
    _printf_g                                0x00000000   Number         0  stubs.o ABSOLUTE
    _printf_i                                0x00000000   Number         0  stubs.o ABSOLUTE
    _printf_int_dec                          0x00000000   Number         0  stubs.o ABSOLUTE
    _printf_l                                0x00000000   Number         0  stubs.o ABSOLUTE
    _printf_lc                               0x00000000   Number         0  stubs.o ABSOLUTE
    _printf_ll                               0x00000000   Number         0  stubs.o ABSOLUTE
    _printf_lld                              0x00000000   Number         0  stubs.o ABSOLUTE
    _printf_lli                              0x00000000   Number         0  stubs.o ABSOLUTE
    _printf_llo                              0x00000000   Number         0  stubs.o ABSOLUTE
    _printf_llu                              0x00000000   Number         0  stubs.o ABSOLUTE
    _printf_llx                              0x00000000   Number         0  stubs.o ABSOLUTE
    _printf_longlong_dec                     0x00000000   Number         0  stubs.o ABSOLUTE
    _printf_longlong_hex                     0x00000000   Number         0  stubs.o ABSOLUTE
    _printf_longlong_oct                     0x00000000   Number         0  stubs.o ABSOLUTE
    _printf_ls                               0x00000000   Number         0  stubs.o ABSOLUTE
    _printf_mbtowc                           0x00000000   Number         0  stubs.o ABSOLUTE
    _printf_n                                0x00000000   Number         0  stubs.o ABSOLUTE
    _printf_o                                0x00000000   Number         0  stubs.o ABSOLUTE
    _printf_p                                0x00000000   Number         0  stubs.o ABSOLUTE
    _printf_percent                          0x00000000   Number         0  stubs.o ABSOLUTE
    _printf_pre_padding                      0x00000000   Number         0  stubs.o ABSOLUTE
    _printf_return_value                     0x00000000   Number         0  stubs.o ABSOLUTE
    _printf_s                                0x00000000   Number         0  stubs.o ABSOLUTE
    _printf_sizespec                         0x00000000   Number         0  stubs.o ABSOLUTE
    _printf_str                              0x00000000   Number         0  stubs.o ABSOLUTE
    _printf_truncate_signed                  0x00000000   Number         0  stubs.o ABSOLUTE
    _printf_truncate_unsigned                0x00000000   Number         0  stubs.o ABSOLUTE
    _printf_u                                0x00000000   Number         0  stubs.o ABSOLUTE
    _printf_wc                               0x00000000   Number         0  stubs.o ABSOLUTE
    _printf_wctomb                           0x00000000   Number         0  stubs.o ABSOLUTE
    _printf_widthprec                        0x00000000   Number         0  stubs.o ABSOLUTE
    _printf_x                                0x00000000   Number         0  stubs.o ABSOLUTE
    __cpp_initialize__aeabi_                  - Undefined Weak Reference
    __cxa_finalize                            - Undefined Weak Reference
    _clock_init                               - Undefined Weak Reference
    _microlib_exit                            - Undefined Weak Reference
    __Vectors_Size                           0x00000130   Number         0  startup_stm32f10x_hd.o ABSOLUTE
    __Vectors                                0x08000000   Data           4  startup_stm32f10x_hd.o(RESET)
    __Vectors_End                            0x08000130   Data           0  startup_stm32f10x_hd.o(RESET)
    __main                                   0x08000131   Thumb Code     0  entry.o(.ARM.Collect$$$$00000000)
    _main_stk                                0x08000131   Thumb Code     0  entry2.o(.ARM.Collect$$$$00000001)
    _main_scatterload                        0x08000135   Thumb Code     0  entry5.o(.ARM.Collect$$$$00000004)
    __main_after_scatterload                 0x08000139   Thumb Code     0  entry5.o(.ARM.Collect$$$$00000004)
    _main_clock                              0x08000139   Thumb Code     0  entry7b.o(.ARM.Collect$$$$00000008)
    _main_cpp_init                           0x08000139   Thumb Code     0  entry8b.o(.ARM.Collect$$$$0000000A)
    _main_init                               0x08000139   Thumb Code     0  entry9a.o(.ARM.Collect$$$$0000000B)
    __rt_final_cpp                           0x08000141   Thumb Code     0  entry10a.o(.ARM.Collect$$$$0000000D)
    __rt_final_exit                          0x08000141   Thumb Code     0  entry11a.o(.ARM.Collect$$$$0000000F)
    SVC_Handler                              0x08000145   Thumb Code    32  port.o(.emb_text)
    __asm___6_port_c_39a90d8d__prvStartFirstTask 0x08000169   Thumb Code    28  port.o(.emb_text)
    PendSV_Handler                           0x08000189   Thumb Code    72  port.o(.emb_text)
    vPortGetIPSR                             0x080001d5   Thumb Code     6  port.o(.emb_text)
    Reset_Handler                            0x080001dd   Thumb Code     8  startup_stm32f10x_hd.o(.text)
    ADC1_2_IRQHandler                        0x080001f7   Thumb Code     0  startup_stm32f10x_hd.o(.text)
    ADC3_IRQHandler                          0x080001f7   Thumb Code     0  startup_stm32f10x_hd.o(.text)
    CAN1_RX1_IRQHandler                      0x080001f7   Thumb Code     0  startup_stm32f10x_hd.o(.text)
    CAN1_SCE_IRQHandler                      0x080001f7   Thumb Code     0  startup_stm32f10x_hd.o(.text)
    DMA1_Channel1_IRQHandler                 0x080001f7   Thumb Code     0  startup_stm32f10x_hd.o(.text)
    DMA1_Channel2_IRQHandler                 0x080001f7   Thumb Code     0  startup_stm32f10x_hd.o(.text)
    DMA1_Channel3_IRQHandler                 0x080001f7   Thumb Code     0  startup_stm32f10x_hd.o(.text)
    DMA1_Channel4_IRQHandler                 0x080001f7   Thumb Code     0  startup_stm32f10x_hd.o(.text)
    DMA1_Channel5_IRQHandler                 0x080001f7   Thumb Code     0  startup_stm32f10x_hd.o(.text)
    DMA1_Channel6_IRQHandler                 0x080001f7   Thumb Code     0  startup_stm32f10x_hd.o(.text)
    DMA1_Channel7_IRQHandler                 0x080001f7   Thumb Code     0  startup_stm32f10x_hd.o(.text)
    DMA2_Channel1_IRQHandler                 0x080001f7   Thumb Code     0  startup_stm32f10x_hd.o(.text)
    DMA2_Channel2_IRQHandler                 0x080001f7   Thumb Code     0  startup_stm32f10x_hd.o(.text)
    DMA2_Channel3_IRQHandler                 0x080001f7   Thumb Code     0  startup_stm32f10x_hd.o(.text)
    DMA2_Channel4_5_IRQHandler               0x080001f7   Thumb Code     0  startup_stm32f10x_hd.o(.text)
    EXTI0_IRQHandler                         0x080001f7   Thumb Code     0  startup_stm32f10x_hd.o(.text)
    EXTI15_10_IRQHandler                     0x080001f7   Thumb Code     0  startup_stm32f10x_hd.o(.text)
    EXTI1_IRQHandler                         0x080001f7   Thumb Code     0  startup_stm32f10x_hd.o(.text)
    EXTI2_IRQHandler                         0x080001f7   Thumb Code     0  startup_stm32f10x_hd.o(.text)
    EXTI3_IRQHandler                         0x080001f7   Thumb Code     0  startup_stm32f10x_hd.o(.text)
    EXTI4_IRQHandler                         0x080001f7   Thumb Code     0  startup_stm32f10x_hd.o(.text)
    EXTI9_5_IRQHandler                       0x080001f7   Thumb Code     0  startup_stm32f10x_hd.o(.text)
    FLASH_IRQHandler                         0x080001f7   Thumb Code     0  startup_stm32f10x_hd.o(.text)
    FSMC_IRQHandler                          0x080001f7   Thumb Code     0  startup_stm32f10x_hd.o(.text)
    I2C1_ER_IRQHandler                       0x080001f7   Thumb Code     0  startup_stm32f10x_hd.o(.text)
    I2C1_EV_IRQHandler                       0x080001f7   Thumb Code     0  startup_stm32f10x_hd.o(.text)
    I2C2_ER_IRQHandler                       0x080001f7   Thumb Code     0  startup_stm32f10x_hd.o(.text)
    I2C2_EV_IRQHandler                       0x080001f7   Thumb Code     0  startup_stm32f10x_hd.o(.text)
    PVD_IRQHandler                           0x080001f7   Thumb Code     0  startup_stm32f10x_hd.o(.text)
    RCC_IRQHandler                           0x080001f7   Thumb Code     0  startup_stm32f10x_hd.o(.text)
    RTCAlarm_IRQHandler                      0x080001f7   Thumb Code     0  startup_stm32f10x_hd.o(.text)
    RTC_IRQHandler                           0x080001f7   Thumb Code     0  startup_stm32f10x_hd.o(.text)
    SDIO_IRQHandler                          0x080001f7   Thumb Code     0  startup_stm32f10x_hd.o(.text)
    SPI1_IRQHandler                          0x080001f7   Thumb Code     0  startup_stm32f10x_hd.o(.text)
    SPI2_IRQHandler                          0x080001f7   Thumb Code     0  startup_stm32f10x_hd.o(.text)
    SPI3_IRQHandler                          0x080001f7   Thumb Code     0  startup_stm32f10x_hd.o(.text)
    TAMPER_IRQHandler                        0x080001f7   Thumb Code     0  startup_stm32f10x_hd.o(.text)
    TIM1_BRK_IRQHandler                      0x080001f7   Thumb Code     0  startup_stm32f10x_hd.o(.text)
    TIM1_CC_IRQHandler                       0x080001f7   Thumb Code     0  startup_stm32f10x_hd.o(.text)
    TIM1_TRG_COM_IRQHandler                  0x080001f7   Thumb Code     0  startup_stm32f10x_hd.o(.text)
    TIM1_UP_IRQHandler                       0x080001f7   Thumb Code     0  startup_stm32f10x_hd.o(.text)
    TIM2_IRQHandler                          0x080001f7   Thumb Code     0  startup_stm32f10x_hd.o(.text)
    TIM3_IRQHandler                          0x080001f7   Thumb Code     0  startup_stm32f10x_hd.o(.text)
    TIM4_IRQHandler                          0x080001f7   Thumb Code     0  startup_stm32f10x_hd.o(.text)
    TIM5_IRQHandler                          0x080001f7   Thumb Code     0  startup_stm32f10x_hd.o(.text)
    TIM6_IRQHandler                          0x080001f7   Thumb Code     0  startup_stm32f10x_hd.o(.text)
    TIM7_IRQHandler                          0x080001f7   Thumb Code     0  startup_stm32f10x_hd.o(.text)
    TIM8_BRK_IRQHandler                      0x080001f7   Thumb Code     0  startup_stm32f10x_hd.o(.text)
    TIM8_CC_IRQHandler                       0x080001f7   Thumb Code     0  startup_stm32f10x_hd.o(.text)
    TIM8_TRG_COM_IRQHandler                  0x080001f7   Thumb Code     0  startup_stm32f10x_hd.o(.text)
    TIM8_UP_IRQHandler                       0x080001f7   Thumb Code     0  startup_stm32f10x_hd.o(.text)
    UART4_IRQHandler                         0x080001f7   Thumb Code     0  startup_stm32f10x_hd.o(.text)
    UART5_IRQHandler                         0x080001f7   Thumb Code     0  startup_stm32f10x_hd.o(.text)
    USART2_IRQHandler                        0x080001f7   Thumb Code     0  startup_stm32f10x_hd.o(.text)
    USART3_IRQHandler                        0x080001f7   Thumb Code     0  startup_stm32f10x_hd.o(.text)
    USBWakeUp_IRQHandler                     0x080001f7   Thumb Code     0  startup_stm32f10x_hd.o(.text)
    USB_HP_CAN1_TX_IRQHandler                0x080001f7   Thumb Code     0  startup_stm32f10x_hd.o(.text)
    USB_LP_CAN1_RX0_IRQHandler               0x080001f7   Thumb Code     0  startup_stm32f10x_hd.o(.text)
    WWDG_IRQHandler                          0x080001f7   Thumb Code     0  startup_stm32f10x_hd.o(.text)
    __aeabi_memcpy                           0x08000201   Thumb Code    36  memcpya.o(.text)
    __aeabi_memcpy4                          0x08000201   Thumb Code     0  memcpya.o(.text)
    __aeabi_memcpy8                          0x08000201   Thumb Code     0  memcpya.o(.text)
    __aeabi_memset                           0x08000225   Thumb Code    14  memseta.o(.text)
    __aeabi_memset4                          0x08000225   Thumb Code     0  memseta.o(.text)
    __aeabi_memset8                          0x08000225   Thumb Code     0  memseta.o(.text)
    __aeabi_memclr                           0x08000233   Thumb Code     4  memseta.o(.text)
    __aeabi_memclr4                          0x08000233   Thumb Code     0  memseta.o(.text)
    __aeabi_memclr8                          0x08000233   Thumb Code     0  memseta.o(.text)
    _memset$wrapper                          0x08000237   Thumb Code    18  memseta.o(.text)
    strcpy                                   0x08000249   Thumb Code    18  strcpy.o(.text)
    __aeabi_fmul                             0x0800025b   Thumb Code   100  fmul.o(.text)
    __aeabi_fdiv                             0x080002bf   Thumb Code   124  fdiv.o(.text)
    __aeabi_ui2f                             0x0800033b   Thumb Code    10  ffltui.o(.text)
    __aeabi_f2uiz                            0x08000345   Thumb Code    40  ffixui.o(.text)
    __aeabi_uidiv                            0x0800036d   Thumb Code     0  uidiv.o(.text)
    __aeabi_uidivmod                         0x0800036d   Thumb Code    44  uidiv.o(.text)
    __I$use$fp                               0x08000399   Thumb Code     0  iusefp.o(.text)
    _float_round                             0x08000399   Thumb Code    18  fepilogue.o(.text)
    _float_epilogue                          0x080003ab   Thumb Code    92  fepilogue.o(.text)
    __scatterload                            0x08000409   Thumb Code    28  init.o(.text)
    __scatterload_rt2                        0x08000409   Thumb Code     0  init.o(.text)
    __decompress                             0x0800042d   Thumb Code     0  __dczerorl2.o(.text)
    __decompress1                            0x0800042d   Thumb Code    86  __dczerorl2.o(.text)
    BusFault_Handler                         0x08000483   Thumb Code     2  stm32f10x_it.o(i.BusFault_Handler)
    DebugMon_Handler                         0x08000485   Thumb Code     2  stm32f10x_it.o(i.DebugMon_Handler)
    GPIO_Init                                0x08000487   Thumb Code   156  stm32f10x_gpio.o(i.GPIO_Init)
    GPIO_SetBits                             0x08000523   Thumb Code     4  stm32f10x_gpio.o(i.GPIO_SetBits)
    HardFault_Handler                        0x08000527   Thumb Code     2  stm32f10x_it.o(i.HardFault_Handler)
    LED_GPIO_Config                          0x08000529   Thumb Code    92  bsp_led.o(i.LED_GPIO_Config)
    MemManage_Handler                        0x08000589   Thumb Code     2  stm32f10x_it.o(i.MemManage_Handler)
    NMI_Handler                              0x0800058b   Thumb Code     2  stm32f10x_it.o(i.NMI_Handler)
    RCC_APB2PeriphClockCmd                   0x0800058d   Thumb Code    18  stm32f10x_rcc.o(i.RCC_APB2PeriphClockCmd)
    RCC_GetClocksFreq                        0x080005a5   Thumb Code   132  stm32f10x_rcc.o(i.RCC_GetClocksFreq)
    StoreUARTDataInISR                       0x080006e1   Thumb Code    18  usartlink.o(i.StoreUARTDataInISR)
    SysTick_Handler                          0x080006f9   Thumb Code    20  stm32f10x_it.o(i.SysTick_Handler)
    SystemInit                               0x0800070d   Thumb Code    64  system_stm32f10x.o(i.SystemInit)
    USART1_IRQHandler                        0x080007cd   Thumb Code    36  bsp_usart.o(i.USART1_IRQHandler)
    USART_Cmd                                0x080007f5   Thumb Code    20  stm32f10x_usart.o(i.USART_Cmd)
    USART_Config                             0x08000809   Thumb Code   152  bsp_usart.o(i.USART_Config)
    USART_GetFlagStatus                      0x080008ad   Thumb Code    14  stm32f10x_usart.o(i.USART_GetFlagStatus)
    USART_GetITStatus                        0x080008bb   Thumb Code    62  stm32f10x_usart.o(i.USART_GetITStatus)
    USART_ITConfig                           0x080008f9   Thumb Code    48  stm32f10x_usart.o(i.USART_ITConfig)
    USART_Init                               0x08000929   Thumb Code   166  stm32f10x_usart.o(i.USART_Init)
    USART_ReceiveData                        0x080009d5   Thumb Code     8  stm32f10x_usart.o(i.USART_ReceiveData)
    USART_SendData                           0x080009dd   Thumb Code     8  stm32f10x_usart.o(i.USART_SendData)
    UsageFault_Handler                       0x080009e5   Thumb Code     2  stm32f10x_it.o(i.UsageFault_Handler)
    UsartlinkGetLink                         0x080009e9   Thumb Code     4  usartlink.o(i.UsartlinkGetLink)
    UsartlinkInit                            0x080009f1   Thumb Code    50  usartlink.o(i.UsartlinkInit)
    __0printf$3                              0x08000a95   Thumb Code    22  printf3.o(i.__0printf$3)
    __1printf$3                              0x08000a95   Thumb Code     0  printf3.o(i.__0printf$3)
    __2printf                                0x08000a95   Thumb Code     0  printf3.o(i.__0printf$3)
    __scatterload_copy                       0x08000ab5   Thumb Code    14  handlers.o(i.__scatterload_copy)
    __scatterload_null                       0x08000ac3   Thumb Code     2  handlers.o(i.__scatterload_null)
    __scatterload_zeroinit                   0x08000ac5   Thumb Code    14  handlers.o(i.__scatterload_zeroinit)
    crtpInit                                 0x08000c8d   Thumb Code    78  crtp.o(i.crtpInit)
    crtpInitTaskQueue                        0x08000d01   Thumb Code    22  crtp.o(i.crtpInitTaskQueue)
    crtpReceivePacketBlock                   0x08000d1d   Thumb Code    14  crtp.o(i.crtpReceivePacketBlock)
    crtpSendPacketBlock                      0x08000d99   Thumb Code    14  crtp.o(i.crtpSendPacketBlock)
    crtpSetLink                              0x08000dad   Thumb Code    40  crtp.o(i.crtpSetLink)
    crtpserviceInit                          0x08000e9d   Thumb Code    38  crtpservice.o(i.crtpserviceInit)
    fputc                                    0x08000edd   Thumb Code    30  bsp_usart.o(i.fputc)
    main                                     0x08000f01   Thumb Code    40  main.o(i.main)
    pvPortMalloc                             0x08001485   Thumb Code   200  heap_4.o(i.pvPortMalloc)
    pxPortInitialiseStack                    0x08001585   Thumb Code    32  port.o(i.pxPortInitialiseStack)
    uxListRemove                             0x08001611   Thumb Code    38  list.o(i.uxListRemove)
    uxTaskGetNumberOfTasks                   0x08001639   Thumb Code     6  tasks.o(i.uxTaskGetNumberOfTasks)
    vApplicationGetIdleTaskMemory            0x08001645   Thumb Code    16  static_mem.o(i.vApplicationGetIdleTaskMemory)
    vListInitialise                          0x08001659   Thumb Code    22  list.o(i.vListInitialise)
    vListInitialiseItem                      0x0800166f   Thumb Code     6  list.o(i.vListInitialiseItem)
    vListInsert                              0x08001675   Thumb Code    48  list.o(i.vListInsert)
    vPortEnterCritical                       0x080016a5   Thumb Code    50  port.o(i.vPortEnterCritical)
    vPortExitCritical                        0x08001715   Thumb Code    34  port.o(i.vPortExitCritical)
    vPortFree                                0x08001771   Thumb Code    98  heap_4.o(i.vPortFree)
    vPortSetupTimerInterrupt                 0x0800180d   Thumb Code    32  port.o(i.vPortSetupTimerInterrupt)
    vPortValidateInterruptPriority           0x08001831   Thumb Code    70  port.o(i.vPortValidateInterruptPriority)
    vTaskDelay                               0x080018b5   Thumb Code    62  tasks.o(i.vTaskDelay)
    vTaskInternalSetTimeOutState             0x08001925   Thumb Code    12  tasks.o(i.vTaskInternalSetTimeOutState)
    vTaskMissedYield                         0x08001935   Thumb Code     8  tasks.o(i.vTaskMissedYield)
    vTaskPlaceOnEventList                    0x08001941   Thumb Code    44  tasks.o(i.vTaskPlaceOnEventList)
    vTaskStartScheduler                      0x08001999   Thumb Code    84  tasks.o(i.vTaskStartScheduler)
    vTaskSuspendAll                          0x080019fd   Thumb Code    10  tasks.o(i.vTaskSuspendAll)
    vTaskSwitchContext                       0x08001a0d   Thumb Code    80  tasks.o(i.vTaskSwitchContext)
    xPortStartScheduler                      0x08001a8d   Thumb Code   170  port.o(i.xPortStartScheduler)
    xPortSysTickHandler                      0x08001b79   Thumb Code    38  port.o(i.xPortSysTickHandler)
    xQueueGenericCreate                      0x08001ba5   Thumb Code    84  queue.o(i.xQueueGenericCreate)
    xQueueGenericReset                       0x08001c21   Thumb Code   164  queue.o(i.xQueueGenericReset)
    xQueueGenericSend                        0x08001cf1   Thumb Code   332  queue.o(i.xQueueGenericSend)
    xQueueGenericSendFromISR                 0x08001e69   Thumb Code   198  queue.o(i.xQueueGenericSendFromISR)
    xQueueReceive                            0x08001f59   Thumb Code   294  queue.o(i.xQueueReceive)
    xTaskCheckForTimeOut                     0x080020ad   Thumb Code   110  tasks.o(i.xTaskCheckForTimeOut)
    xTaskCreate                              0x08002149   Thumb Code    96  tasks.o(i.xTaskCreate)
    xTaskCreateStatic                        0x080021a9   Thumb Code   116  tasks.o(i.xTaskCreateStatic)
    xTaskGetSchedulerState                   0x08002245   Thumb Code    22  tasks.o(i.xTaskGetSchedulerState)
    xTaskGetTickCount                        0x08002261   Thumb Code     6  tasks.o(i.xTaskGetTickCount)
    xTaskIncrementTick                       0x0800226d   Thumb Code   282  tasks.o(i.xTaskIncrementTick)
    xTaskRemoveFromEventList                 0x080023b9   Thumb Code   204  tasks.o(i.xTaskRemoveFromEventList)
    xTaskResumeAll                           0x080024b9   Thumb Code   278  tasks.o(i.xTaskResumeAll)
    Region$$Table$$Base                      0x08002680   Number         0  anon$$obj.o(Region$$Table)
    Region$$Table$$Limit                     0x080026a0   Number         0  anon$$obj.o(Region$$Table)
    pxCurrentTCB                             0x20000ffc   Data           4  tasks.o(.data)
    uxTopUsedPriority                        0x2000102c   Data           4  tasks.o(.data)
    SystemCoreClock                          0x20001094   Data           4  system_stm32f10x.o(.data)
    AHBPrescTable                            0x20001098   Data          16  system_stm32f10x.o(.data)
    __stdout                                 0x200010a8   Data           4  stdout.o(.data)
    __initial_sp                             0x20005880   Data           0  startup_stm32f10x_hd.o(STACK)



==============================================================================

Memory Map of the image

  Image Entry point : 0x08000131

  Load Region LR_IROM1 (Base: 0x08000000, Size: 0x00003788, Max: 0x00080000, ABSOLUTE, COMPRESSED[0x0000270c])

    Execution Region ER_IROM1 (Base: 0x08000000, Size: 0x000026a0, Max: 0x00080000, ABSOLUTE)

    Base Addr    Size         Type   Attr      Idx    E Section Name        Object

    0x08000000   0x00000130   Data   RO         2163    RESET               startup_stm32f10x_hd.o
    0x08000130   0x00000000   Code   RO         2235  * .ARM.Collect$$$$00000000  mc_w.l(entry.o)
    0x08000130   0x00000004   Code   RO         2515    .ARM.Collect$$$$00000001  mc_w.l(entry2.o)
    0x08000134   0x00000004   Code   RO         2518    .ARM.Collect$$$$00000004  mc_w.l(entry5.o)
    0x08000138   0x00000000   Code   RO         2520    .ARM.Collect$$$$00000008  mc_w.l(entry7b.o)
    0x08000138   0x00000000   Code   RO         2522    .ARM.Collect$$$$0000000A  mc_w.l(entry8b.o)
    0x08000138   0x00000008   Code   RO         2523    .ARM.Collect$$$$0000000B  mc_w.l(entry9a.o)
    0x08000140   0x00000000   Code   RO         2525    .ARM.Collect$$$$0000000D  mc_w.l(entry10a.o)
    0x08000140   0x00000000   Code   RO         2527    .ARM.Collect$$$$0000000F  mc_w.l(entry11a.o)
    0x08000140   0x00000004   Code   RO         2516    .ARM.Collect$$$$00002712  mc_w.l(entry2.o)
    0x08000144   0x00000096   Code   RO          358    .emb_text           port.o
    0x080001da   0x00000002   PAD
    0x080001dc   0x00000024   Code   RO         2164    .text               startup_stm32f10x_hd.o
    0x08000200   0x00000024   Code   RO         2238    .text               mc_w.l(memcpya.o)
    0x08000224   0x00000024   Code   RO         2240    .text               mc_w.l(memseta.o)
    0x08000248   0x00000012   Code   RO         2242    .text               mc_w.l(strcpy.o)
    0x0800025a   0x00000064   Code   RO         2507    .text               mf_w.l(fmul.o)
    0x080002be   0x0000007c   Code   RO         2509    .text               mf_w.l(fdiv.o)
    0x0800033a   0x0000000a   Code   RO         2511    .text               mf_w.l(ffltui.o)
    0x08000344   0x00000028   Code   RO         2513    .text               mf_w.l(ffixui.o)
    0x0800036c   0x0000002c   Code   RO         2530    .text               mc_w.l(uidiv.o)
    0x08000398   0x00000000   Code   RO         2534    .text               mc_w.l(iusefp.o)
    0x08000398   0x0000006e   Code   RO         2535    .text               mf_w.l(fepilogue.o)
    0x08000406   0x00000002   PAD
    0x08000408   0x00000024   Code   RO         2547    .text               mc_w.l(init.o)
    0x0800042c   0x00000056   Code   RO         2565    .text               mc_w.l(__dczerorl2.o)
    0x08000482   0x00000002   Code   RO         2171    i.BusFault_Handler  stm32f10x_it.o
    0x08000484   0x00000002   Code   RO         2172    i.DebugMon_Handler  stm32f10x_it.o
    0x08000486   0x0000009c   Code   RO         1529    i.GPIO_Init         stm32f10x_gpio.o
    0x08000522   0x00000004   Code   RO         1537    i.GPIO_SetBits      stm32f10x_gpio.o
    0x08000526   0x00000002   Code   RO         2173    i.HardFault_Handler  stm32f10x_it.o
    0x08000528   0x00000060   Code   RO          162    i.LED_GPIO_Config   bsp_led.o
    0x08000588   0x00000002   Code   RO         2174    i.MemManage_Handler  stm32f10x_it.o
    0x0800058a   0x00000002   Code   RO         2175    i.NMI_Handler       stm32f10x_it.o
    0x0800058c   0x00000018   Code   RO         1656    i.RCC_APB2PeriphClockCmd  stm32f10x_rcc.o
    0x080005a4   0x00000094   Code   RO         1664    i.RCC_GetClocksFreq  stm32f10x_rcc.o
    0x08000638   0x000000a8   Code   RO         2062    i.SetSysClockTo72   system_stm32f10x.o
    0x080006e0   0x00000018   Code   RO         1269    i.StoreUARTDataInISR  usartlink.o
    0x080006f8   0x00000014   Code   RO         2176    i.SysTick_Handler   stm32f10x_it.o
    0x0800070c   0x00000050   Code   RO         2064    i.SystemInit        system_stm32f10x.o
    0x0800075c   0x00000070   Code   RO         1270    i.UARTParserPacket  usartlink.o
    0x080007cc   0x00000028   Code   RO          189    i.USART1_IRQHandler  bsp_usart.o
    0x080007f4   0x00000014   Code   RO         1871    i.USART_Cmd         stm32f10x_usart.o
    0x08000808   0x000000a4   Code   RO          190    i.USART_Config      bsp_usart.o
    0x080008ac   0x0000000e   Code   RO         1874    i.USART_GetFlagStatus  stm32f10x_usart.o
    0x080008ba   0x0000003e   Code   RO         1875    i.USART_GetITStatus  stm32f10x_usart.o
    0x080008f8   0x00000030   Code   RO         1877    i.USART_ITConfig    stm32f10x_usart.o
    0x08000928   0x000000ac   Code   RO         1878    i.USART_Init        stm32f10x_usart.o
    0x080009d4   0x00000008   Code   RO         1885    i.USART_ReceiveData  stm32f10x_usart.o
    0x080009dc   0x00000008   Code   RO         1888    i.USART_SendData    stm32f10x_usart.o
    0x080009e4   0x00000002   Code   RO         2177    i.UsageFault_Handler  stm32f10x_it.o
    0x080009e6   0x00000002   PAD
    0x080009e8   0x00000008   Code   RO         1271    i.UsartlinkGetLink  usartlink.o
    0x080009f0   0x00000048   Code   RO         1272    i.UsartlinkInit     usartlink.o
    0x08000a38   0x00000020   Code   RO         1273    i.UsartlinkReceivePacket  usartlink.o
    0x08000a58   0x00000036   Code   RO         1274    i.UsartlinkSendPacket  usartlink.o
    0x08000a8e   0x00000004   Code   RO         1275    i.UsartlinkSetEnable  usartlink.o
    0x08000a92   0x00000002   PAD
    0x08000a94   0x00000020   Code   RO         2335    i.__0printf$3       mc_w.l(printf3.o)
    0x08000ab4   0x0000000e   Code   RO         2559    i.__scatterload_copy  mc_w.l(handlers.o)
    0x08000ac2   0x00000002   Code   RO         2560    i.__scatterload_null  mc_w.l(handlers.o)
    0x08000ac4   0x0000000e   Code   RO         2561    i.__scatterload_zeroinit  mc_w.l(handlers.o)
    0x08000ad2   0x00000002   PAD
    0x08000ad4   0x000001b8   Code   RO         2342    i._printf_core      mc_w.l(printf3.o)
    0x08000c8c   0x00000074   Code   RO         1019    i.crtpInit          crtp.o
    0x08000d00   0x0000001c   Code   RO         1020    i.crtpInitTaskQueue  crtp.o
    0x08000d1c   0x00000014   Code   RO         1023    i.crtpReceivePacketBlock  crtp.o
    0x08000d30   0x00000068   Code   RO         1027    i.crtpRxTask        crtp.o
    0x08000d98   0x00000014   Code   RO         1029    i.crtpSendPacketBlock  crtp.o
    0x08000dac   0x0000002c   Code   RO         1030    i.crtpSetLink       crtp.o
    0x08000dd8   0x00000070   Code   RO         1168    i.crtpSrvTask       crtpservice.o
    0x08000e48   0x00000054   Code   RO         1032    i.crtpTxTask        crtp.o
    0x08000e9c   0x00000040   Code   RO         1169    i.crtpserviceInit   crtpservice.o
    0x08000edc   0x00000024   Code   RO          192    i.fputc             bsp_usart.o
    0x08000f00   0x00000068   Code   RO         2122    i.main              main.o
    0x08000f68   0x00000006   Code   RO         1033    i.nopFunc           crtp.o
    0x08000f6e   0x00000002   PAD
    0x08000f70   0x00000088   Code   RO          696    i.prvAddCurrentTaskToDelayedList  tasks.o
    0x08000ff8   0x000000f0   Code   RO          697    i.prvAddNewTaskToReadyList  tasks.o
    0x080010e8   0x00000026   Code   RO          510    i.prvCopyDataFromQueue  queue.o
    0x0800110e   0x0000005a   Code   RO          511    i.prvCopyDataToQueue  queue.o
    0x08001168   0x0000005c   Code   RO          698    i.prvDeleteTCB      tasks.o
    0x080011c4   0x00000044   Code   RO          245    i.prvHeapInit       heap_4.o
    0x08001208   0x0000005c   Code   RO          699    i.prvIdleTask       tasks.o
    0x08001264   0x00000016   Code   RO          512    i.prvInitialiseNewQueue  queue.o
    0x0800127a   0x00000002   PAD
    0x0800127c   0x000000bc   Code   RO          700    i.prvInitialiseNewTask  tasks.o
    0x08001338   0x0000004c   Code   RO          246    i.prvInsertBlockIntoFreeList  heap_4.o
    0x08001384   0x0000001a   Code   RO          513    i.prvIsQueueEmpty   queue.o
    0x0800139e   0x00000002   PAD
    0x080013a0   0x0000001c   Code   RO          701    i.prvResetNextTaskUnblockTime  tasks.o
    0x080013bc   0x0000005c   Code   RO          359    i.prvTaskExitError  port.o
    0x08001418   0x0000006a   Code   RO          514    i.prvUnlockQueue    queue.o
    0x08001482   0x00000002   PAD
    0x08001484   0x00000100   Code   RO          248    i.pvPortMalloc      heap_4.o
    0x08001584   0x00000024   Code   RO          360    i.pxPortInitialiseStack  port.o
    0x080015a8   0x00000068   Code   RO         1034    i.updateStats       crtp.o
    0x08001610   0x00000026   Code   RO          457    i.uxListRemove      list.o
    0x08001636   0x00000002   PAD
    0x08001638   0x0000000c   Code   RO          705    i.uxTaskGetNumberOfTasks  tasks.o
    0x08001644   0x00000014   Code   RO         1234    i.vApplicationGetIdleTaskMemory  static_mem.o
    0x08001658   0x00000016   Code   RO          458    i.vListInitialise   list.o
    0x0800166e   0x00000006   Code   RO          459    i.vListInitialiseItem  list.o
    0x08001674   0x00000030   Code   RO          460    i.vListInsert       list.o
    0x080016a4   0x00000070   Code   RO          362    i.vPortEnterCritical  port.o
    0x08001714   0x0000005c   Code   RO          363    i.vPortExitCritical  port.o
    0x08001770   0x0000009c   Code   RO          249    i.vPortFree         heap_4.o
    0x0800180c   0x00000024   Code   RO          364    i.vPortSetupTimerInterrupt  port.o
    0x08001830   0x00000084   Code   RO          365    i.vPortValidateInterruptPriority  port.o
    0x080018b4   0x00000070   Code   RO          709    i.vTaskDelay        tasks.o
    0x08001924   0x00000010   Code   RO          713    i.vTaskInternalSetTimeOutState  tasks.o
    0x08001934   0x0000000c   Code   RO          714    i.vTaskMissedYield  tasks.o
    0x08001940   0x00000058   Code   RO          715    i.vTaskPlaceOnEventList  tasks.o
    0x08001998   0x00000064   Code   RO          721    i.vTaskStartScheduler  tasks.o
    0x080019fc   0x00000010   Code   RO          723    i.vTaskSuspendAll   tasks.o
    0x08001a0c   0x00000080   Code   RO          724    i.vTaskSwitchContext  tasks.o
    0x08001a8c   0x000000ec   Code   RO          366    i.xPortStartScheduler  port.o
    0x08001b78   0x0000002c   Code   RO          367    i.xPortSysTickHandler  port.o
    0x08001ba4   0x0000007c   Code   RO          521    i.xQueueGenericCreate  queue.o
    0x08001c20   0x000000d0   Code   RO          523    i.xQueueGenericReset  queue.o
    0x08001cf0   0x00000178   Code   RO          524    i.xQueueGenericSend  queue.o
    0x08001e68   0x000000f0   Code   RO          525    i.xQueueGenericSendFromISR  queue.o
    0x08001f58   0x00000154   Code   RO          531    i.xQueueReceive     queue.o
    0x080020ac   0x0000009c   Code   RO          726    i.xTaskCheckForTimeOut  tasks.o
    0x08002148   0x00000060   Code   RO          727    i.xTaskCreate       tasks.o
    0x080021a8   0x0000009c   Code   RO          728    i.xTaskCreateStatic  tasks.o
    0x08002244   0x0000001c   Code   RO          735    i.xTaskGetSchedulerState  tasks.o
    0x08002260   0x0000000c   Code   RO          736    i.xTaskGetTickCount  tasks.o
    0x0800226c   0x0000014c   Code   RO          738    i.xTaskIncrementTick  tasks.o
    0x080023b8   0x00000100   Code   RO          739    i.xTaskRemoveFromEventList  tasks.o
    0x080024b8   0x00000150   Code   RO          740    i.xTaskResumeAll    tasks.o
    0x08002608   0x00000022   Data   RO         1037    .conststrlit        crtp.o
    0x0800262a   0x00000002   PAD
    0x0800262c   0x00000021   Data   RO         1173    .conststrlit        crtpservice.o
    0x0800264d   0x00000003   PAD
    0x08002650   0x00000030   Data   RO         1039    .log.crtp           crtp.o
    0x08002680   0x00000020   Data   RO         2557    Region$$Table       anon$$obj.o


    Execution Region RW_IRAM1 (Base: 0x20000000, Size: 0x00005880, Max: 0x00010000, ABSOLUTE, COMPRESSED[0x0000006c])

    Base Addr    Size         Type   Attr      Idx    E Section Name        Object

    0x20000000   0x00000698   Data   RW         1036    .ccmbss             crtp.o
    0x20000698   0x000002a4   Data   RW         1172    .ccmbss             crtpservice.o
    0x2000093c   0x00000698   Data   RW         1236    .ccmbss             static_mem.o
    0x20000fd4   0x0000001c   Data   RW          255    .data               heap_4.o
    0x20000ff0   0x0000000c   Data   RW          368    .data               port.o
    0x20000ffc   0x00000040   Data   RW          743    .data               tasks.o
    0x2000103c   0x00000020   Data   RW         1038    .data               crtp.o
    0x2000105c   0x00000004   Data   RW         1174    .data               crtpservice.o
    0x20001060   0x00000020   Data   RW         1276    .data               usartlink.o
    0x20001080   0x00000014   Data   RW         1684    .data               stm32f10x_rcc.o
    0x20001094   0x00000014   Data   RW         2065    .data               system_stm32f10x.o
    0x200010a8   0x00000004   Data   RW         2529    .data               mc_w.l(stdout.o)
    0x200010ac   0x0000003c   Data   RW         1175    .param.crtpsrv      crtpservice.o
    0x200010e8   0x00004000   Zero   RW          254    .bss                heap_4.o
    0x200050e8   0x000002e4   Zero   RW          742    .bss                tasks.o
    0x200053cc   0x00000094   Zero   RW         1035    .bss                crtp.o
    0x20005460   0x00000020   Zero   RW         1171    .bss                crtpservice.o
    0x20005480   0x00000400   Zero   RW         2161    STACK               startup_stm32f10x_hd.o


==============================================================================

Image component sizes


      Code (inc. data)   RO Data    RW Data    ZI Data      Debug   Object Name

         0          0          0          0          0     222148   bsp_exti.o
        96          4          0          0          0        526   bsp_led.o
       240         22          0          0          0      28722   bsp_usart.o
       526         86         82       1720        148      20612   crtp.o
       176         56         33        740         32      14542   crtpservice.o
       556        126          0         28      16384      21443   heap_4.o
       114          0          0          0          0       2665   list.o
       104         64          0          0          0       1235   main.o
         0          0          0          0          0       8752   misc.o
       930        332          0         12          0      10653   port.o
      1570        216          0          0          0      34926   queue.o
        36          8        304          0       1024        772   startup_stm32f10x_hd.o
        20          4          0       1688          0       1729   static_mem.o
       160          0          0          0          0      11207   stm32f10x_gpio.o
        32          0          0          0          0       2943   stm32f10x_it.o
       172         22          0         20          0      12965   stm32f10x_rcc.o
       332          6          0          0          0      12785   stm32f10x_usart.o
       248         24          0         20          0       2141   system_stm32f10x.o
      2632        560          0         64        740      40255   tasks.o
       306         40          0         32          0       4216   usartlink.o

    ----------------------------------------------------------------------
      8266       1570        456       4324      18328     455237   Object Totals
         0          0         32          0          0          0   (incl. Generated)
        16          0          5          0          0          0   (incl. Padding)

    ----------------------------------------------------------------------

      Code (inc. data)   RO Data    RW Data    ZI Data      Debug   Library Member Name

        86          0          0          0          0          0   __dczerorl2.o
         0          0          0          0          0          0   entry.o
         0          0          0          0          0          0   entry10a.o
         0          0          0          0          0          0   entry11a.o
         8          4          0          0          0          0   entry2.o
         4          0          0          0          0          0   entry5.o
         0          0          0          0          0          0   entry7b.o
         0          0          0          0          0          0   entry8b.o
         8          4          0          0          0          0   entry9a.o
        30          0          0          0          0          0   handlers.o
        36          8          0          0          0         68   init.o
         0          0          0          0          0          0   iusefp.o
        36          0          0          0          0         68   memcpya.o
        36          0          0          0          0        108   memseta.o
       472         14          0          0          0        184   printf3.o
         0          0          0          4          0          0   stdout.o
        18          0          0          0          0         68   strcpy.o
        44          0          0          0          0         80   uidiv.o
       124          0          0          0          0         88   fdiv.o
       110          0          0          0          0        168   fepilogue.o
        40          0          0          0          0         68   ffixui.o
        10          0          0          0          0         68   ffltui.o
       100          0          0          0          0         76   fmul.o

    ----------------------------------------------------------------------
      1166         30          0          4          0       1044   Library Totals
         4          0          0          0          0          0   (incl. Padding)

    ----------------------------------------------------------------------

      Code (inc. data)   RO Data    RW Data    ZI Data      Debug   Library Name

       778         30          0          4          0        576   mc_w.l
       384          0          0          0          0        468   mf_w.l

    ----------------------------------------------------------------------
      1166         30          0          4          0       1044   Library Totals

    ----------------------------------------------------------------------

==============================================================================


      Code (inc. data)   RO Data    RW Data    ZI Data      Debug   

      9432       1600        456       4328      18328     451365   Grand Totals
      9432       1600        456        108      18328     451365   ELF Image Totals (compressed)
      9432       1600        456        108          0          0   ROM Totals

==============================================================================

    Total RO  Size (Code + RO Data)                 9888 (   9.66kB)
    Total RW  Size (RW Data + ZI Data)             22656 (  22.13kB)
    Total ROM Size (Code + RO Data + RW Data)       9996 (   9.76kB)

==============================================================================

